Microchip MPLAB XC8 Compiler V2.10 ()

Linker command line:

-W-3 --edf=C:\Program Files (x86)\Microchip\xc8\v2.10\pic\dat\en_msgs.txt \
  -cs -h+dist/default/production\semana13.X.production.sym \
  --cmf=dist/default/production\semana13.X.production.cmf -z -Q18F45K20 \
  -oC:\Users\Aty\AppData\Local\Temp\sf64.2 --defsym=__MPLAB_BUILD=1 \
  -Mdist/default/production/semana13.X.production.map -E1 -ver=XC8 \
  --acfsm=1493 -ASTACK=060h-05FFh -pstack=STACK -ACODE=00h-07FFFh \
  -ACONST=00h-07FFFh -ASMALLCONST=0600h-06FFhx122 \
  -AMEDIUMCONST=0600h-07FFFh -ACOMRAM=01h-05Fh -AABS1=00h-05FFh \
  -ABIGRAM=01h-05FFh -ARAM=060h-0FFh,0100h-01FFhx5 -ABANK0=060h-0FFh \
  -ABANK1=0100h-01FFh -ABANK2=0200h-02FFh -ABANK3=0300h-03FFh \
  -ABANK4=0400h-04FFh -ABANK5=0500h-05FFh -ASFR=0F60h-0FFFh \
  -preset_vec=00h,intcode=08h,intcodelo,powerup,init -pramtop=0600h \
  -psmallconst=SMALLCONST -pmediumconst=MEDIUMCONST -pconst=CONST \
  -AFARRAM=00h-00h -ACONFIG=0300000h-030000Dh -pconfig=CONFIG \
  -AIDLOC=0200000h-0200007h -pidloc=IDLOC -AEEDATA=0F00000h-0F000FFh \
  -peeprom_data=EEDATA \
  -prdata=COMRAM,nvrram=COMRAM,nvbit=COMRAM,rbss=COMRAM,rbit=COMRAM \
  -pfarbss=FARRAM,fardata=FARRAM,nvFARRAM=FARRAM \
  -pintsave_regs=BIGRAM,bigbss=BIGRAM,bigdata=BIGRAM -pbss=RAM \
  -pidata=CODE,irdata=CODE,ibigdata=CODE,ifardata=CODE -prparam=COMRAM \
  C:\Users\Aty\AppData\Local\Temp\sf64.o \
  dist/default/production\semana13.X.production.o 

Object code version is 3.11

Machine type is 18F45K20

Call graph: (short form)




                Name                               Link     Load   Length Selector   Space Scale
C:\Users\Aty\AppData\Local\Temp\sf64.o
                init                                14A      14A        4        4       0
                reset_vec                             0        0        4        0       0
                idloc                            200000   200000        8   200000       0
                config                           300000   300000        E   300000       0
dist/default/production\semana13.X.production.o
                intcode                               8        8      142        4       0
                temp                                  5        5        1        1       1
                text2                               1B0      1B0        C        4       0
                text1                               18C      18C       16        4       0
                text0                               14E      14E       3E        4       0
                cstackCOMRAM                          3        3        2        1       1
                bssCOMRAM                             1        1        2        1       1
                cinit                               1A2      1A2        E        4       0

TOTAL           Name                               Link     Load   Length     Space
        CLASS   STACK          

        CLASS   CODE           
                intcode                               8        8      142         0
                init                                14A      14A        4         0
                reset_vec                             0        0        4         0
                text2                               1B0      1B0        C         0
                text1                               18C      18C       16         0
                text0                               14E      14E       3E         0
                cinit                               1A2      1A2        E         0

        CLASS   CONST          

        CLASS   SMALLCONST     

        CLASS   MEDIUMCONST    

        CLASS   COMRAM         
                temp                                  5        5        1         1
                cstackCOMRAM                          3        3        2         1
                bssCOMRAM                             1        1        2         1

        CLASS   ABS1           

        CLASS   BIGRAM         

        CLASS   RAM            

        CLASS   BANK0          

        CLASS   BANK1          

        CLASS   BANK2          

        CLASS   BANK3          

        CLASS   BANK4          

        CLASS   BANK5          

        CLASS   SFR            

        CLASS   FARRAM         

        CLASS   CONFIG         
                config                           300000   300000        E         0

        CLASS   IDLOC          
                idloc                            200000   200000        8         0

        CLASS   EEDATA         



SEGMENTS        Name                           Load    Length   Top    Selector   Space  Class

                reset_vec                      000000  000004  000004         0       0  CODE    
                bssCOMRAM                      000001  000005  000006         1       1  COMRAM  
                intcode                        000008  0001B4  0001BC         4       0  CODE    
                idloc                          200000  000008  200008    200000       0  IDLOC   
                config                         300000  00000E  30000E    300000       0  CONFIG  


UNUSED ADDRESS RANGES

        Name                Unused          Largest block    Delta
        BANK0            000060-0000FF               A0
        BANK1            000100-0001FF              100
        BANK2            000200-0002FF              100
        BANK3            000300-0003FF              100
        BANK4            000400-0004FF              100
        BANK5            000500-0005FF              100
        BIGRAM           000006-0005FF              5FA
        CODE             000004-000007                4
                         0001BC-007FFF             7E44
        COMRAM           000006-00005F               5A
        CONST            000004-000007                4
                         0001BC-007FFF             7E44
        EEDATA           F00000-F000FF              100
        MEDIUMCONST      000600-007FFF             7A00
        RAM              000060-0005FF              100
        SFR              000F60-000FFF               A0
        SMALLCONST       000600-007FFF              100
        STACK            000060-0005FF              5A0

                                  Symbol Table

_INTCON2bits                          (abs)        000FF1
_INTCONbits                           (abs)        000FF2
_OSCCONbits                           (abs)        000FD3
_PIR1                                 (abs)        000F9E
_PORTD                                (abs)        000F83
_RCONbits                             (abs)        000FD0
_RCSTA                                (abs)        000FAB
_SPBRG                                (abs)        000FAF
_TRISC                                (abs)        000F94
_TRISD                                (abs)        000F95
_TXREG                                (abs)        000FAD
_TXSTA                                (abs)        000FAC
__CFG_FOSC$INTIO67                    (abs)        000000
__CFG_LVP$OFF                         (abs)        000000
__CFG_PBADEN$OFF                      (abs)        000000
__CFG_WDTEN$OFF                       (abs)        000000
__HRAM                                (abs)        000000
__Habs1                               abs1         000000
__Hbank0                              bank0        000000
__Hbank1                              bank1        000000
__Hbank2                              bank2        000000
__Hbank3                              bank3        000000
__Hbank4                              bank4        000000
__Hbank5                              bank5        000000
__Hbigbss                             bigbss       000000
__Hbigdata                            bigdata      000000
__Hbigram                             bigram       000000
__Hbss                                bss          000000
__HbssCOMRAM                          bssCOMRAM    000000
__Hcinit                              cinit        000000
__Hclrtext                            clrtext      000000
__Hcomram                             comram       000000
__Hconfig                             config       30000E
__Hconst                              const        000000
__HcstackCOMRAM                       cstackCOMRAM 000000
__Hdata                               data         000000
__Heeprom_data                        eeprom_data  000000
__Hfarbss                             farbss       000000
__Hfardata                            fardata      000000
__Hibigdata                           ibigdata     000000
__Hidata                              idata        000000
__Hidloc                              idloc        200008
__Hifardata                           ifardata     000000
__Hinit                               init         00014E
__Hintcode                            intcode      00014A
__Hintcode_body                       intcode_body 000000
__Hintcodelo                          intcodelo    00014A
__Hintentry                           intentry     000000
__Hintret                             intret       000000
__Hintsave_regs                       intsave_regs 000000
__Hirdata                             irdata       000000
__Hmediumconst                        mediumconst  000000
__HnvFARRAM                           nvFARRAM     000000
__Hnvbit                              nvbit        000000
__Hnvrram                             nvrram       000000
__Hparam                              rparam       000000
__Hpowerup                            powerup      00014A
__Hram                                ram          000000
__Hramtop                             ramtop       000600
__Hrbit                               rbit         000000
__Hrbss                               rbss         000000
__Hrdata                              rdata        000000
__Hreset_vec                          reset_vec    000004
__Hrparam                             rparam       000000
__Hsfr                                sfr          000000
__Hsmallconst                         smallconst   000000
__Hspace_0                            (abs)        30000E
__Hspace_1                            (abs)        000006
__Hspace_2                            (abs)        000000
__Hstack                              stack        000000
__Hstruct                             struct       000000
__Htemp                               temp         000006
__Htext                               text         000000
__Htext0                              text0        000000
__Htext1                              text1        000000
__Htext2                              text2        000000
__LRAM                                (abs)        000001
__Labs1                               abs1         000000
__Lbank0                              bank0        000000
__Lbank1                              bank1        000000
__Lbank2                              bank2        000000
__Lbank3                              bank3        000000
__Lbank4                              bank4        000000
__Lbank5                              bank5        000000
__Lbigbss                             bigbss       000000
__Lbigdata                            bigdata      000000
__Lbigram                             bigram       000000
__Lbss                                bss          000000
__LbssCOMRAM                          bssCOMRAM    000000
__Lcinit                              cinit        000000
__Lclrtext                            clrtext      000000
__Lcomram                             comram       000000
__Lconfig                             config       300000
__Lconst                              const        000000
__LcstackCOMRAM                       cstackCOMRAM 000000
__Ldata                               data         000000
__Leeprom_data                        eeprom_data  000000
__Lfarbss                             farbss       000000
__Lfardata                            fardata      000000
__Libigdata                           ibigdata     000000
__Lidata                              idata        000000
__Lidloc                              idloc        200000
__Lifardata                           ifardata     000000
__Linit                               init         00014A
__Lintcode                            intcode      000008
__Lintcode_body                       intcode_body 000000
__Lintcodelo                          intcodelo    00014A
__Lintentry                           intentry     000000
__Lintret                             intret       000000
__Lintsave_regs                       intsave_regs 000000
__Lirdata                             irdata       000000
__Lmediumconst                        mediumconst  000000
__LnvFARRAM                           nvFARRAM     000000
__Lnvbit                              nvbit        000000
__Lnvrram                             nvrram       000000
__Lparam                              rparam       000000
__Lpowerup                            powerup      00014A
__Lram                                ram          000000
__Lramtop                             ramtop       000600
__Lrbit                               rbit         000000
__Lrbss                               rbss         000000
__Lrdata                              rdata        000000
__Lreset_vec                          reset_vec    000000
__Lrparam                             rparam       000000
__Lsfr                                sfr          000000
__Lsmallconst                         smallconst   000000
__Lspace_0                            (abs)        000000
__Lspace_1                            (abs)        000000
__Lspace_2                            (abs)        000000
__Lstack                              stack        000000
__Lstruct                             struct       000000
__Ltemp                               temp         000005
__Ltext                               text         000000
__Ltext0                              text0        000000
__Ltext1                              text1        000000
__Ltext2                              text2        000000
__S0                                  (abs)        30000E
__S1                                  (abs)        000006
__S2                                  (abs)        000000
___inthi_sp                           stack        000000
___intlo_sp                           stack        000000
___param_bank                         (abs)        000000
___rparam_used                        (abs)        000001
___sp                                 stack        000000
__accesstop                           (abs)        000060
__activetblptr                        (abs)        000000
__end_of__initialization              cinit        0001A6
__end_of_configuraInterrupcaoExterna  text2        0001BC
__end_of_configura_serial             text1        0001A2
__end_of_interrupcao                  intcode      00014A
__end_of_main                         text0        00018C
__initialization                      cinit        0001A2
__mediumconst                         mediumconst  000000
__pbssCOMRAM                          bssCOMRAM    000001
__pcinit                              cinit        0001A2
__pcstackCOMRAM                       cstackCOMRAM 000003
__pintcode                            intcode      000008
__ptext0                              text0        00014E
__ptext1                              text1        00018C
__ptext2                              text2        0001B0
__ramtop                              ramtop       000600
__size_of_configuraInterrupcaoExterna (abs)        000000
__size_of_configura_serial            (abs)        000000
__size_of_interrupcao                 (abs)        000000
__size_of_main                        (abs)        000000
__smallconst                          smallconst   000000
_acionamentoBotao                     bssCOMRAM    000001
_configuraInterrupcaoExterna          text2        0001B0
_configura_serial                     text1        00018C
_interrupcao                          intcode      000008
_main                                 text0        00014E
btemp                                 temp         000005
end_of_initialization                 cinit        0001A6
int$flags                             temp         000005
intlevel0                             text         000000
intlevel1                             text         000000
intlevel2                             text         000000
intlevel3                             text         000000
stackhi                               (abs)        0005FF
stacklo                               (abs)        000060
start                                 init         00014A
start_initialization                  cinit        0001A2
ttemp5                                temp         000006
ttemp6                                temp         000009
ttemp7                                temp         00000D
wtemp8                                temp         000006


FUNCTION INFORMATION:

 *************** function _main *****************
 Defined at:
		line 83 in file "semana13_exer3_PSRF.c"
 Parameters:    Size  Location     Type
		None
 Auto vars:     Size  Location     Type
		None
 Return value:  Size  Location     Type
                  1    wreg      void 
 Registers used:
		wreg, status,2, status,0, cstack
 Tracked objects:
		On entry : 
		On exit  : 
		Unchanged: 
 Data sizes:     COMRAM   BANK0   BANK1   BANK2   BANK3   BANK4   BANK5
      Params:         0       0       0       0       0       0       0
      Locals:         0       0       0       0       0       0       0
      Temps:          2       0       0       0       0       0       0
      Totals:         2       0       0       0       0       0       0
Total ram usage:        2 bytes
 Hardware stack levels required when called:    2
 This function calls:
		_configuraInterrupcaoExterna
		_configura_serial
 This function is called by:
		Startup code after reset
 This function uses a non-reentrant model


 *************** function _configura_serial *****************
 Defined at:
		line 19 in file "semana13_exer3_PSRF.c"
 Parameters:    Size  Location     Type
		None
 Auto vars:     Size  Location     Type
		None
 Return value:  Size  Location     Type
                  1    wreg      void 
 Registers used:
		wreg, status,2
 Tracked objects:
		On entry : 
		On exit  : 
		Unchanged: 
 Data sizes:     COMRAM   BANK0   BANK1   BANK2   BANK3   BANK4   BANK5
      Params:         0       0       0       0       0       0       0
      Locals:         0       0       0       0       0       0       0
      Temps:          0       0       0       0       0       0       0
      Totals:         0       0       0       0       0       0       0
Total ram usage:        0 bytes
 Hardware stack levels used:    1
 Hardware stack levels required when called:    1
 This function calls:
		Nothing
 This function is called by:
		_main
 This function uses a non-reentrant model


 *************** function _configuraInterrupcaoExterna *****************
 Defined at:
		line 29 in file "semana13_exer3_PSRF.c"
 Parameters:    Size  Location     Type
		None
 Auto vars:     Size  Location     Type
		None
 Return value:  Size  Location     Type
                  1    wreg      void 
 Registers used:
		None
 Tracked objects:
		On entry : 
		On exit  : 
		Unchanged: 
 Data sizes:     COMRAM   BANK0   BANK1   BANK2   BANK3   BANK4   BANK5
      Params:         0       0       0       0       0       0       0
      Locals:         0       0       0       0       0       0       0
      Temps:          0       0       0       0       0       0       0
      Totals:         0       0       0       0       0       0       0
Total ram usage:        0 bytes
 Hardware stack levels used:    1
 Hardware stack levels required when called:    1
 This function calls:
		Nothing
 This function is called by:
		_main
 This function uses a non-reentrant model


 *************** function _interrupcao *****************
 Defined at:
		line 37 in file "semana13_exer3_PSRF.c"
 Parameters:    Size  Location     Type
		None
 Auto vars:     Size  Location     Type
		None
 Return value:  Size  Location     Type
                  1    wreg      void 
 Registers used:
		wreg, status,2, status,0
 Tracked objects:
		On entry : 
		On exit  : 
		Unchanged: 
 Data sizes:     COMRAM   BANK0   BANK1   BANK2   BANK3   BANK4   BANK5
      Params:         0       0       0       0       0       0       0
      Locals:         0       0       0       0       0       0       0
      Temps:          0       0       0       0       0       0       0
      Totals:         0       0       0       0       0       0       0
Total ram usage:        0 bytes
 Hardware stack levels used:    1
 This function calls:
		Nothing
 This function is called by:
		Interrupt level 2
 This function uses a non-reentrant model



MODULE INFORMATION

Module		Function		Class		Link	Load	Size
semana13_exer3_PSRF.c
		_configura_serial		CODE           	018C	0000	23
		_configuraInterrupcaoExterna		CODE           	01B0	0000	13
		_main          		CODE           	014E	0000	63
		_interrupcao   		CODE           	0008	0000	323

semana13_exer3_PSRF.c estimated size: 422

shared
		__initialization		CODE           	01A2	0000	5

shared estimated size: 5

