Simulator report for maquinaVendas
Fri Mar 06 17:21:27 2020
Quartus II 64-Bit Version 13.0.0 Build 156 04/24/2013 SJ Web Edition


---------------------
; Table of Contents ;
---------------------
  1. Legal Notice
  2. Simulator Summary
  3. Simulator Settings
  4. Simulation Waveforms
  5. Coverage Summary
  6. Complete 1/0-Value Coverage
  7. Missing 1-Value Coverage
  8. Missing 0-Value Coverage
  9. Simulator INI Usage
 10. Simulator Messages



----------------
; Legal Notice ;
----------------
Copyright (C) 1991-2013 Altera Corporation
Your use of Altera Corporation's design tools, logic functions 
and other software and tools, and its AMPP partner logic 
functions, and any output files from any of the foregoing 
(including device programming or simulation files), and any 
associated documentation or information are expressly subject 
to the terms and conditions of the Altera Program License 
Subscription Agreement, Altera MegaCore Function License 
Agreement, or other applicable license agreement, including, 
without limitation, that your use is for the sole purpose of 
programming logic devices manufactured by Altera and sold by 
Altera or its authorized distributors.  Please refer to the 
applicable agreement for further details.



+--------------------------------------------+
; Simulator Summary                          ;
+-----------------------------+--------------+
; Type                        ; Value        ;
+-----------------------------+--------------+
; Simulation Start Time       ; 0 ps         ;
; Simulation End Time         ; 1.0 us       ;
; Simulation Netlist Size     ; 183 nodes    ;
; Simulation Coverage         ;      44.81 % ;
; Total Number of Transitions ; 547          ;
; Simulation Breakpoints      ; 0            ;
; Family                      ; Cyclone II   ;
+-----------------------------+--------------+


+------------------------------------------------------------------------------------------------------------------------------------------------------------------------------------------------+
; Simulator Settings                                                                                                                                                                             ;
+--------------------------------------------------------------------------------------------+-----------------------------------------------------------------------------------+---------------+
; Option                                                                                     ; Setting                                                                           ; Default Value ;
+--------------------------------------------------------------------------------------------+-----------------------------------------------------------------------------------+---------------+
; Simulation mode                                                                            ; Functional                                                                        ; Timing        ;
; Start time                                                                                 ; 0 ns                                                                              ; 0 ns          ;
; Simulation results format                                                                  ; VWF                                                                               ;               ;
; Vector input source                                                                        ; C:/Users/Aty/Documents/UFRN/Sistemas Digitais/Maquina de Vendas/maquinaVendas.vwf ;               ;
; Add pins automatically to simulation output waveforms                                      ; On                                                                                ; On            ;
; Check outputs                                                                              ; Off                                                                               ; Off           ;
; Report simulation coverage                                                                 ; On                                                                                ; On            ;
; Display complete 1/0 value coverage report                                                 ; On                                                                                ; On            ;
; Display missing 1-value coverage report                                                    ; On                                                                                ; On            ;
; Display missing 0-value coverage report                                                    ; On                                                                                ; On            ;
; Detect setup and hold time violations                                                      ; Off                                                                               ; Off           ;
; Detect glitches                                                                            ; Off                                                                               ; Off           ;
; Disable timing delays in Timing Simulation                                                 ; Off                                                                               ; Off           ;
; Generate Signal Activity File                                                              ; Off                                                                               ; Off           ;
; Generate VCD File for PowerPlay Power Analyzer                                             ; Off                                                                               ; Off           ;
; Group bus channels in simulation results                                                   ; Off                                                                               ; Off           ;
; Preserve fewer signal transitions to reduce memory requirements                            ; On                                                                                ; On            ;
; Trigger vector comparison with the specified mode                                          ; INPUT_EDGE                                                                        ; INPUT_EDGE    ;
; Disable setup and hold time violations detection in input registers of bi-directional pins ; Off                                                                               ; Off           ;
; Overwrite Waveform Inputs With Simulation Outputs                                          ; Off                                                                               ;               ;
; Perform Glitch Filtering in Timing Simulation                                              ; Auto                                                                              ; Auto          ;
+--------------------------------------------------------------------------------------------+-----------------------------------------------------------------------------------+---------------+


+----------------------+
; Simulation Waveforms ;
+----------------------+
Waveform report data cannot be output to ASCII.
Please use Quartus II 64-Bit to view the waveform report data.


+--------------------------------------------------------------------+
; Coverage Summary                                                   ;
+-----------------------------------------------------+--------------+
; Type                                                ; Value        ;
+-----------------------------------------------------+--------------+
; Total coverage as a percentage                      ;      44.81 % ;
; Total nodes checked                                 ; 183          ;
; Total output ports checked                          ; 183          ;
; Total output ports with complete 1/0-value coverage ; 82           ;
; Total output ports with no 1/0-value coverage       ; 101          ;
; Total output ports with no 1-value coverage         ; 101          ;
; Total output ports with no 0-value coverage         ; 101          ;
+-----------------------------------------------------+--------------+


The following table displays output ports that toggle between 1 and 0 during simulation.
+------------------------------------------------------------------------------------------------------------------------------------------------------------------------------------------------------------------------------------------+
; Complete 1/0-Value Coverage                                                                                                                                                                                                              ;
+-----------------------------------------------------------------------------------------------------------+-----------------------------------------------------------------------------------------------------------+------------------+
; Node Name                                                                                                 ; Output Port Name                                                                                          ; Output Port Type ;
+-----------------------------------------------------------------------------------------------------------+-----------------------------------------------------------------------------------------------------------+------------------+
; |maquinaVendas|CLK_mv                                                                                     ; |maquinaVendas|CLK_mv                                                                                     ; out              ;
; |maquinaVendas|C                                                                                          ; |maquinaVendas|C                                                                                          ; out              ;
; |maquinaVendas|reset                                                                                      ; |maquinaVendas|reset                                                                                      ; out              ;
; |maquinaVendas|D                                                                                          ; |maquinaVendas|D                                                                                          ; pin_out          ;
; |maquinaVendas|Tot_mv[1]                                                                                  ; |maquinaVendas|Tot_mv[1]                                                                                  ; pin_out          ;
; |maquinaVendas|Tot_mv[2]                                                                                  ; |maquinaVendas|Tot_mv[2]                                                                                  ; pin_out          ;
; |maquinaVendas|Tot_mv[3]                                                                                  ; |maquinaVendas|Tot_mv[3]                                                                                  ; pin_out          ;
; |maquinaVendas|datapathMV:Datapath|Comparador_8Bits:Comp|Comparador_4Bits:Comp2|Comparador:Comp4|out_lt~0 ; |maquinaVendas|datapathMV:Datapath|Comparador_8Bits:Comp|Comparador_4Bits:Comp2|Comparador:Comp4|out_lt~0 ; out0             ;
; |maquinaVendas|datapathMV:Datapath|Comparador_8Bits:Comp|Comparador_4Bits:Comp2|Comparador:Comp4|out_lt   ; |maquinaVendas|datapathMV:Datapath|Comparador_8Bits:Comp|Comparador_4Bits:Comp2|Comparador:Comp4|out_lt   ; out0             ;
; |maquinaVendas|datapathMV:Datapath|Comparador_8Bits:Comp|Comparador_4Bits:Comp2|Comparador:Comp3|out_lt~0 ; |maquinaVendas|datapathMV:Datapath|Comparador_8Bits:Comp|Comparador_4Bits:Comp2|Comparador:Comp3|out_lt~0 ; out0             ;
; |maquinaVendas|datapathMV:Datapath|Comparador_8Bits:Comp|Comparador_4Bits:Comp2|Comparador:Comp3|out_lt   ; |maquinaVendas|datapathMV:Datapath|Comparador_8Bits:Comp|Comparador_4Bits:Comp2|Comparador:Comp3|out_lt   ; out0             ;
; |maquinaVendas|datapathMV:Datapath|Comparador_8Bits:Comp|Comparador_4Bits:Comp2|Comparador:Comp3|out_eq~0 ; |maquinaVendas|datapathMV:Datapath|Comparador_8Bits:Comp|Comparador_4Bits:Comp2|Comparador:Comp3|out_eq~0 ; out0             ;
; |maquinaVendas|datapathMV:Datapath|Comparador_8Bits:Comp|Comparador_4Bits:Comp2|Comparador:Comp3|out_eq   ; |maquinaVendas|datapathMV:Datapath|Comparador_8Bits:Comp|Comparador_4Bits:Comp2|Comparador:Comp3|out_eq   ; out0             ;
; |maquinaVendas|datapathMV:Datapath|Comparador_8Bits:Comp|Comparador_4Bits:Comp2|Comparador:Comp2|out_lt~0 ; |maquinaVendas|datapathMV:Datapath|Comparador_8Bits:Comp|Comparador_4Bits:Comp2|Comparador:Comp2|out_lt~0 ; out0             ;
; |maquinaVendas|datapathMV:Datapath|Comparador_8Bits:Comp|Comparador_4Bits:Comp2|Comparador:Comp2|out_lt   ; |maquinaVendas|datapathMV:Datapath|Comparador_8Bits:Comp|Comparador_4Bits:Comp2|Comparador:Comp2|out_lt   ; out0             ;
; |maquinaVendas|datapathMV:Datapath|Comparador_8Bits:Comp|Comparador_4Bits:Comp2|Comparador:Comp2|out_eq~0 ; |maquinaVendas|datapathMV:Datapath|Comparador_8Bits:Comp|Comparador_4Bits:Comp2|Comparador:Comp2|out_eq~0 ; out0             ;
; |maquinaVendas|datapathMV:Datapath|Comparador_8Bits:Comp|Comparador_4Bits:Comp2|Comparador:Comp2|out_eq   ; |maquinaVendas|datapathMV:Datapath|Comparador_8Bits:Comp|Comparador_4Bits:Comp2|Comparador:Comp2|out_eq   ; out0             ;
; |maquinaVendas|datapathMV:Datapath|Comparador_8Bits:Comp|Comparador_4Bits:Comp2|Comparador:Comp1|out_lt~0 ; |maquinaVendas|datapathMV:Datapath|Comparador_8Bits:Comp|Comparador_4Bits:Comp2|Comparador:Comp1|out_lt~0 ; out0             ;
; |maquinaVendas|datapathMV:Datapath|Comparador_8Bits:Comp|Comparador_4Bits:Comp2|Comparador:Comp1|out_lt~1 ; |maquinaVendas|datapathMV:Datapath|Comparador_8Bits:Comp|Comparador_4Bits:Comp2|Comparador:Comp1|out_lt~1 ; out0             ;
; |maquinaVendas|datapathMV:Datapath|Comparador_8Bits:Comp|Comparador_4Bits:Comp2|Comparador:Comp1|out_lt   ; |maquinaVendas|datapathMV:Datapath|Comparador_8Bits:Comp|Comparador_4Bits:Comp2|Comparador:Comp1|out_lt   ; out0             ;
; |maquinaVendas|datapathMV:Datapath|Comparador_8Bits:Comp|Comparador_4Bits:Comp2|Comparador:Comp1|out_eq~0 ; |maquinaVendas|datapathMV:Datapath|Comparador_8Bits:Comp|Comparador_4Bits:Comp2|Comparador:Comp1|out_eq~0 ; out0             ;
; |maquinaVendas|datapathMV:Datapath|Comparador_8Bits:Comp|Comparador_4Bits:Comp2|Comparador:Comp1|out_eq   ; |maquinaVendas|datapathMV:Datapath|Comparador_8Bits:Comp|Comparador_4Bits:Comp2|Comparador:Comp1|out_eq   ; out0             ;
; |maquinaVendas|datapathMV:Datapath|SUM_8Bits:SUM|SUM_4Bits:SUM02|SUM_2Bits:SUM01|SUM_1Bit:SUM01|S_out~0   ; |maquinaVendas|datapathMV:Datapath|SUM_8Bits:SUM|SUM_4Bits:SUM02|SUM_2Bits:SUM01|SUM_1Bit:SUM01|S_out~0   ; out0             ;
; |maquinaVendas|datapathMV:Datapath|SUM_8Bits:SUM|SUM_4Bits:SUM02|SUM_2Bits:SUM01|SUM_1Bit:SUM01|S_out~2   ; |maquinaVendas|datapathMV:Datapath|SUM_8Bits:SUM|SUM_4Bits:SUM02|SUM_2Bits:SUM01|SUM_1Bit:SUM01|S_out~2   ; out0             ;
; |maquinaVendas|datapathMV:Datapath|SUM_8Bits:SUM|SUM_4Bits:SUM02|SUM_2Bits:SUM01|SUM_1Bit:SUM01|S_out~5   ; |maquinaVendas|datapathMV:Datapath|SUM_8Bits:SUM|SUM_4Bits:SUM02|SUM_2Bits:SUM01|SUM_1Bit:SUM01|S_out~5   ; out0             ;
; |maquinaVendas|datapathMV:Datapath|SUM_8Bits:SUM|SUM_4Bits:SUM02|SUM_2Bits:SUM01|SUM_1Bit:SUM01|S_out~6   ; |maquinaVendas|datapathMV:Datapath|SUM_8Bits:SUM|SUM_4Bits:SUM02|SUM_2Bits:SUM01|SUM_1Bit:SUM01|S_out~6   ; out0             ;
; |maquinaVendas|datapathMV:Datapath|SUM_8Bits:SUM|SUM_4Bits:SUM02|SUM_2Bits:SUM01|SUM_1Bit:SUM01|S_out~7   ; |maquinaVendas|datapathMV:Datapath|SUM_8Bits:SUM|SUM_4Bits:SUM02|SUM_2Bits:SUM01|SUM_1Bit:SUM01|S_out~7   ; out0             ;
; |maquinaVendas|datapathMV:Datapath|SUM_8Bits:SUM|SUM_4Bits:SUM02|SUM_2Bits:SUM01|SUM_1Bit:SUM01|S_out     ; |maquinaVendas|datapathMV:Datapath|SUM_8Bits:SUM|SUM_4Bits:SUM02|SUM_2Bits:SUM01|SUM_1Bit:SUM01|S_out     ; out0             ;
; |maquinaVendas|datapathMV:Datapath|SUM_8Bits:SUM|SUM_4Bits:SUM01|SUM_2Bits:SUM02|SUM_1Bit:SUM02|S_out~0   ; |maquinaVendas|datapathMV:Datapath|SUM_8Bits:SUM|SUM_4Bits:SUM01|SUM_2Bits:SUM02|SUM_1Bit:SUM02|S_out~0   ; out0             ;
; |maquinaVendas|datapathMV:Datapath|SUM_8Bits:SUM|SUM_4Bits:SUM01|SUM_2Bits:SUM02|SUM_1Bit:SUM02|S_out~1   ; |maquinaVendas|datapathMV:Datapath|SUM_8Bits:SUM|SUM_4Bits:SUM01|SUM_2Bits:SUM02|SUM_1Bit:SUM02|S_out~1   ; out0             ;
; |maquinaVendas|datapathMV:Datapath|SUM_8Bits:SUM|SUM_4Bits:SUM01|SUM_2Bits:SUM02|SUM_1Bit:SUM02|S_out~2   ; |maquinaVendas|datapathMV:Datapath|SUM_8Bits:SUM|SUM_4Bits:SUM01|SUM_2Bits:SUM02|SUM_1Bit:SUM02|S_out~2   ; out0             ;
; |maquinaVendas|datapathMV:Datapath|SUM_8Bits:SUM|SUM_4Bits:SUM01|SUM_2Bits:SUM02|SUM_1Bit:SUM02|S_out~4   ; |maquinaVendas|datapathMV:Datapath|SUM_8Bits:SUM|SUM_4Bits:SUM01|SUM_2Bits:SUM02|SUM_1Bit:SUM02|S_out~4   ; out0             ;
; |maquinaVendas|datapathMV:Datapath|SUM_8Bits:SUM|SUM_4Bits:SUM01|SUM_2Bits:SUM02|SUM_1Bit:SUM02|S_out~5   ; |maquinaVendas|datapathMV:Datapath|SUM_8Bits:SUM|SUM_4Bits:SUM01|SUM_2Bits:SUM02|SUM_1Bit:SUM02|S_out~5   ; out0             ;
; |maquinaVendas|datapathMV:Datapath|SUM_8Bits:SUM|SUM_4Bits:SUM01|SUM_2Bits:SUM02|SUM_1Bit:SUM02|S_out~6   ; |maquinaVendas|datapathMV:Datapath|SUM_8Bits:SUM|SUM_4Bits:SUM01|SUM_2Bits:SUM02|SUM_1Bit:SUM02|S_out~6   ; out0             ;
; |maquinaVendas|datapathMV:Datapath|SUM_8Bits:SUM|SUM_4Bits:SUM01|SUM_2Bits:SUM02|SUM_1Bit:SUM02|S_out~7   ; |maquinaVendas|datapathMV:Datapath|SUM_8Bits:SUM|SUM_4Bits:SUM01|SUM_2Bits:SUM02|SUM_1Bit:SUM02|S_out~7   ; out0             ;
; |maquinaVendas|datapathMV:Datapath|SUM_8Bits:SUM|SUM_4Bits:SUM01|SUM_2Bits:SUM02|SUM_1Bit:SUM02|S_out     ; |maquinaVendas|datapathMV:Datapath|SUM_8Bits:SUM|SUM_4Bits:SUM01|SUM_2Bits:SUM02|SUM_1Bit:SUM02|S_out     ; out0             ;
; |maquinaVendas|datapathMV:Datapath|SUM_8Bits:SUM|SUM_4Bits:SUM01|SUM_2Bits:SUM02|SUM_1Bit:SUM02|C_out~0   ; |maquinaVendas|datapathMV:Datapath|SUM_8Bits:SUM|SUM_4Bits:SUM01|SUM_2Bits:SUM02|SUM_1Bit:SUM02|C_out~0   ; out0             ;
; |maquinaVendas|datapathMV:Datapath|SUM_8Bits:SUM|SUM_4Bits:SUM01|SUM_2Bits:SUM02|SUM_1Bit:SUM02|C_out~1   ; |maquinaVendas|datapathMV:Datapath|SUM_8Bits:SUM|SUM_4Bits:SUM01|SUM_2Bits:SUM02|SUM_1Bit:SUM02|C_out~1   ; out0             ;
; |maquinaVendas|datapathMV:Datapath|SUM_8Bits:SUM|SUM_4Bits:SUM01|SUM_2Bits:SUM02|SUM_1Bit:SUM02|C_out     ; |maquinaVendas|datapathMV:Datapath|SUM_8Bits:SUM|SUM_4Bits:SUM01|SUM_2Bits:SUM02|SUM_1Bit:SUM02|C_out     ; out0             ;
; |maquinaVendas|datapathMV:Datapath|SUM_8Bits:SUM|SUM_4Bits:SUM01|SUM_2Bits:SUM02|SUM_1Bit:SUM01|S_out~0   ; |maquinaVendas|datapathMV:Datapath|SUM_8Bits:SUM|SUM_4Bits:SUM01|SUM_2Bits:SUM02|SUM_1Bit:SUM01|S_out~0   ; out0             ;
; |maquinaVendas|datapathMV:Datapath|SUM_8Bits:SUM|SUM_4Bits:SUM01|SUM_2Bits:SUM02|SUM_1Bit:SUM01|S_out~1   ; |maquinaVendas|datapathMV:Datapath|SUM_8Bits:SUM|SUM_4Bits:SUM01|SUM_2Bits:SUM02|SUM_1Bit:SUM01|S_out~1   ; out0             ;
; |maquinaVendas|datapathMV:Datapath|SUM_8Bits:SUM|SUM_4Bits:SUM01|SUM_2Bits:SUM02|SUM_1Bit:SUM01|S_out~2   ; |maquinaVendas|datapathMV:Datapath|SUM_8Bits:SUM|SUM_4Bits:SUM01|SUM_2Bits:SUM02|SUM_1Bit:SUM01|S_out~2   ; out0             ;
; |maquinaVendas|datapathMV:Datapath|SUM_8Bits:SUM|SUM_4Bits:SUM01|SUM_2Bits:SUM02|SUM_1Bit:SUM01|S_out~4   ; |maquinaVendas|datapathMV:Datapath|SUM_8Bits:SUM|SUM_4Bits:SUM01|SUM_2Bits:SUM02|SUM_1Bit:SUM01|S_out~4   ; out0             ;
; |maquinaVendas|datapathMV:Datapath|SUM_8Bits:SUM|SUM_4Bits:SUM01|SUM_2Bits:SUM02|SUM_1Bit:SUM01|S_out~5   ; |maquinaVendas|datapathMV:Datapath|SUM_8Bits:SUM|SUM_4Bits:SUM01|SUM_2Bits:SUM02|SUM_1Bit:SUM01|S_out~5   ; out0             ;
; |maquinaVendas|datapathMV:Datapath|SUM_8Bits:SUM|SUM_4Bits:SUM01|SUM_2Bits:SUM02|SUM_1Bit:SUM01|S_out~6   ; |maquinaVendas|datapathMV:Datapath|SUM_8Bits:SUM|SUM_4Bits:SUM01|SUM_2Bits:SUM02|SUM_1Bit:SUM01|S_out~6   ; out0             ;
; |maquinaVendas|datapathMV:Datapath|SUM_8Bits:SUM|SUM_4Bits:SUM01|SUM_2Bits:SUM02|SUM_1Bit:SUM01|S_out~7   ; |maquinaVendas|datapathMV:Datapath|SUM_8Bits:SUM|SUM_4Bits:SUM01|SUM_2Bits:SUM02|SUM_1Bit:SUM01|S_out~7   ; out0             ;
; |maquinaVendas|datapathMV:Datapath|SUM_8Bits:SUM|SUM_4Bits:SUM01|SUM_2Bits:SUM02|SUM_1Bit:SUM01|S_out     ; |maquinaVendas|datapathMV:Datapath|SUM_8Bits:SUM|SUM_4Bits:SUM01|SUM_2Bits:SUM02|SUM_1Bit:SUM01|S_out     ; out0             ;
; |maquinaVendas|datapathMV:Datapath|SUM_8Bits:SUM|SUM_4Bits:SUM01|SUM_2Bits:SUM02|SUM_1Bit:SUM01|C_out~0   ; |maquinaVendas|datapathMV:Datapath|SUM_8Bits:SUM|SUM_4Bits:SUM01|SUM_2Bits:SUM02|SUM_1Bit:SUM01|C_out~0   ; out0             ;
; |maquinaVendas|datapathMV:Datapath|SUM_8Bits:SUM|SUM_4Bits:SUM01|SUM_2Bits:SUM02|SUM_1Bit:SUM01|C_out~1   ; |maquinaVendas|datapathMV:Datapath|SUM_8Bits:SUM|SUM_4Bits:SUM01|SUM_2Bits:SUM02|SUM_1Bit:SUM01|C_out~1   ; out0             ;
; |maquinaVendas|datapathMV:Datapath|SUM_8Bits:SUM|SUM_4Bits:SUM01|SUM_2Bits:SUM02|SUM_1Bit:SUM01|C_out     ; |maquinaVendas|datapathMV:Datapath|SUM_8Bits:SUM|SUM_4Bits:SUM01|SUM_2Bits:SUM02|SUM_1Bit:SUM01|C_out     ; out0             ;
; |maquinaVendas|datapathMV:Datapath|SUM_8Bits:SUM|SUM_4Bits:SUM01|SUM_2Bits:SUM01|SUM_1Bit:SUM02|S_out~0   ; |maquinaVendas|datapathMV:Datapath|SUM_8Bits:SUM|SUM_4Bits:SUM01|SUM_2Bits:SUM01|SUM_1Bit:SUM02|S_out~0   ; out0             ;
; |maquinaVendas|datapathMV:Datapath|SUM_8Bits:SUM|SUM_4Bits:SUM01|SUM_2Bits:SUM01|SUM_1Bit:SUM02|S_out~2   ; |maquinaVendas|datapathMV:Datapath|SUM_8Bits:SUM|SUM_4Bits:SUM01|SUM_2Bits:SUM01|SUM_1Bit:SUM02|S_out~2   ; out0             ;
; |maquinaVendas|datapathMV:Datapath|SUM_8Bits:SUM|SUM_4Bits:SUM01|SUM_2Bits:SUM01|SUM_1Bit:SUM02|S_out~3   ; |maquinaVendas|datapathMV:Datapath|SUM_8Bits:SUM|SUM_4Bits:SUM01|SUM_2Bits:SUM01|SUM_1Bit:SUM02|S_out~3   ; out0             ;
; |maquinaVendas|datapathMV:Datapath|SUM_8Bits:SUM|SUM_4Bits:SUM01|SUM_2Bits:SUM01|SUM_1Bit:SUM02|S_out~4   ; |maquinaVendas|datapathMV:Datapath|SUM_8Bits:SUM|SUM_4Bits:SUM01|SUM_2Bits:SUM01|SUM_1Bit:SUM02|S_out~4   ; out0             ;
; |maquinaVendas|datapathMV:Datapath|SUM_8Bits:SUM|SUM_4Bits:SUM01|SUM_2Bits:SUM01|SUM_1Bit:SUM02|S_out~6   ; |maquinaVendas|datapathMV:Datapath|SUM_8Bits:SUM|SUM_4Bits:SUM01|SUM_2Bits:SUM01|SUM_1Bit:SUM02|S_out~6   ; out0             ;
; |maquinaVendas|datapathMV:Datapath|SUM_8Bits:SUM|SUM_4Bits:SUM01|SUM_2Bits:SUM01|SUM_1Bit:SUM02|S_out     ; |maquinaVendas|datapathMV:Datapath|SUM_8Bits:SUM|SUM_4Bits:SUM01|SUM_2Bits:SUM01|SUM_1Bit:SUM02|S_out     ; out0             ;
; |maquinaVendas|datapathMV:Datapath|SUM_8Bits:SUM|SUM_4Bits:SUM01|SUM_2Bits:SUM01|SUM_1Bit:SUM02|C_out~2   ; |maquinaVendas|datapathMV:Datapath|SUM_8Bits:SUM|SUM_4Bits:SUM01|SUM_2Bits:SUM01|SUM_1Bit:SUM02|C_out~2   ; out0             ;
; |maquinaVendas|datapathMV:Datapath|SUM_8Bits:SUM|SUM_4Bits:SUM01|SUM_2Bits:SUM01|SUM_1Bit:SUM02|C_out     ; |maquinaVendas|datapathMV:Datapath|SUM_8Bits:SUM|SUM_4Bits:SUM01|SUM_2Bits:SUM01|SUM_1Bit:SUM02|C_out     ; out0             ;
; |maquinaVendas|datapathMV:Datapath|reg8Bits:Reg|qs[3]                                                     ; |maquinaVendas|datapathMV:Datapath|reg8Bits:Reg|qs[3]                                                     ; regout           ;
; |maquinaVendas|datapathMV:Datapath|reg8Bits:Reg|qs[2]                                                     ; |maquinaVendas|datapathMV:Datapath|reg8Bits:Reg|qs[2]                                                     ; regout           ;
; |maquinaVendas|datapathMV:Datapath|reg8Bits:Reg|qs[1]                                                     ; |maquinaVendas|datapathMV:Datapath|reg8Bits:Reg|qs[1]                                                     ; regout           ;
; |maquinaVendas|blocoDeControleMV:BlocodeControle|estado~0                                                 ; |maquinaVendas|blocoDeControleMV:BlocodeControle|estado~0                                                 ; out              ;
; |maquinaVendas|blocoDeControleMV:BlocodeControle|estado~1                                                 ; |maquinaVendas|blocoDeControleMV:BlocodeControle|estado~1                                                 ; out              ;
; |maquinaVendas|blocoDeControleMV:BlocodeControle|estado~2                                                 ; |maquinaVendas|blocoDeControleMV:BlocodeControle|estado~2                                                 ; out0             ;
; |maquinaVendas|blocoDeControleMV:BlocodeControle|estado~3                                                 ; |maquinaVendas|blocoDeControleMV:BlocodeControle|estado~3                                                 ; out              ;
; |maquinaVendas|blocoDeControleMV:BlocodeControle|estado~4                                                 ; |maquinaVendas|blocoDeControleMV:BlocodeControle|estado~4                                                 ; out              ;
; |maquinaVendas|blocoDeControleMV:BlocodeControle|estado.E1                                                ; |maquinaVendas|blocoDeControleMV:BlocodeControle|estado.E1                                                ; regout           ;
; |maquinaVendas|blocoDeControleMV:BlocodeControle|estado.E2                                                ; |maquinaVendas|blocoDeControleMV:BlocodeControle|estado.E2                                                ; regout           ;
; |maquinaVendas|blocoDeControleMV:BlocodeControle|estado.E3                                                ; |maquinaVendas|blocoDeControleMV:BlocodeControle|estado.E3                                                ; regout           ;
; |maquinaVendas|blocoDeControleMV:BlocodeControle|estado.E4                                                ; |maquinaVendas|blocoDeControleMV:BlocodeControle|estado.E4                                                ; regout           ;
; |maquinaVendas|blocoDeControleMV:BlocodeControle|estado~5                                                 ; |maquinaVendas|blocoDeControleMV:BlocodeControle|estado~5                                                 ; out0             ;
; |maquinaVendas|blocoDeControleMV:BlocodeControle|estado~6                                                 ; |maquinaVendas|blocoDeControleMV:BlocodeControle|estado~6                                                 ; out0             ;
; |maquinaVendas|blocoDeControleMV:BlocodeControle|clr_tot                                                  ; |maquinaVendas|blocoDeControleMV:BlocodeControle|clr_tot                                                  ; out0             ;
; |maquinaVendas|blocoDeControleMV:BlocodeControle|Selector0~0                                              ; |maquinaVendas|blocoDeControleMV:BlocodeControle|Selector0~0                                              ; out0             ;
; |maquinaVendas|blocoDeControleMV:BlocodeControle|estado.E3~0                                              ; |maquinaVendas|blocoDeControleMV:BlocodeControle|estado.E3~0                                              ; out0             ;
; |maquinaVendas|blocoDeControleMV:BlocodeControle|load_tot                                                 ; |maquinaVendas|blocoDeControleMV:BlocodeControle|load_tot                                                 ; out0             ;
; |maquinaVendas|blocoDeControleMV:BlocodeControle|estado.E4~0                                              ; |maquinaVendas|blocoDeControleMV:BlocodeControle|estado.E4~0                                              ; out0             ;
; |maquinaVendas|blocoDeControleMV:BlocodeControle|d_mv                                                     ; |maquinaVendas|blocoDeControleMV:BlocodeControle|d_mv                                                     ; out0             ;
; |maquinaVendas|blocoDeControleMV:BlocodeControle|estado~14                                                ; |maquinaVendas|blocoDeControleMV:BlocodeControle|estado~14                                                ; out0             ;
; |maquinaVendas|blocoDeControleMV:BlocodeControle|estado~18                                                ; |maquinaVendas|blocoDeControleMV:BlocodeControle|estado~18                                                ; out0             ;
; |maquinaVendas|blocoDeControleMV:BlocodeControle|Selector0~2                                              ; |maquinaVendas|blocoDeControleMV:BlocodeControle|Selector0~2                                              ; out0             ;
; |maquinaVendas|blocoDeControleMV:BlocodeControle|Selector0~3                                              ; |maquinaVendas|blocoDeControleMV:BlocodeControle|Selector0~3                                              ; out0             ;
+-----------------------------------------------------------------------------------------------------------+-----------------------------------------------------------------------------------------------------------+------------------+


The following table displays output ports that do not toggle to 1 during simulation.
+------------------------------------------------------------------------------------------------------------------------------------------------------------------------------------------------------------------------------------------+
; Missing 1-Value Coverage                                                                                                                                                                                                                 ;
+-----------------------------------------------------------------------------------------------------------+-----------------------------------------------------------------------------------------------------------+------------------+
; Node Name                                                                                                 ; Output Port Name                                                                                          ; Output Port Type ;
+-----------------------------------------------------------------------------------------------------------+-----------------------------------------------------------------------------------------------------------+------------------+
; |maquinaVendas|S[0]                                                                                       ; |maquinaVendas|S[0]                                                                                       ; out              ;
; |maquinaVendas|S[1]                                                                                       ; |maquinaVendas|S[1]                                                                                       ; out              ;
; |maquinaVendas|S[2]                                                                                       ; |maquinaVendas|S[2]                                                                                       ; out              ;
; |maquinaVendas|S[3]                                                                                       ; |maquinaVendas|S[3]                                                                                       ; out              ;
; |maquinaVendas|S[4]                                                                                       ; |maquinaVendas|S[4]                                                                                       ; out              ;
; |maquinaVendas|S[5]                                                                                       ; |maquinaVendas|S[5]                                                                                       ; out              ;
; |maquinaVendas|S[6]                                                                                       ; |maquinaVendas|S[6]                                                                                       ; out              ;
; |maquinaVendas|S[7]                                                                                       ; |maquinaVendas|S[7]                                                                                       ; out              ;
; |maquinaVendas|A[0]                                                                                       ; |maquinaVendas|A[0]                                                                                       ; out              ;
; |maquinaVendas|A[1]                                                                                       ; |maquinaVendas|A[1]                                                                                       ; out              ;
; |maquinaVendas|A[2]                                                                                       ; |maquinaVendas|A[2]                                                                                       ; out              ;
; |maquinaVendas|A[3]                                                                                       ; |maquinaVendas|A[3]                                                                                       ; out              ;
; |maquinaVendas|A[4]                                                                                       ; |maquinaVendas|A[4]                                                                                       ; out              ;
; |maquinaVendas|A[5]                                                                                       ; |maquinaVendas|A[5]                                                                                       ; out              ;
; |maquinaVendas|A[6]                                                                                       ; |maquinaVendas|A[6]                                                                                       ; out              ;
; |maquinaVendas|A[7]                                                                                       ; |maquinaVendas|A[7]                                                                                       ; out              ;
; |maquinaVendas|Tot_mv[0]                                                                                  ; |maquinaVendas|Tot_mv[0]                                                                                  ; pin_out          ;
; |maquinaVendas|Tot_mv[4]                                                                                  ; |maquinaVendas|Tot_mv[4]                                                                                  ; pin_out          ;
; |maquinaVendas|Tot_mv[5]                                                                                  ; |maquinaVendas|Tot_mv[5]                                                                                  ; pin_out          ;
; |maquinaVendas|Tot_mv[6]                                                                                  ; |maquinaVendas|Tot_mv[6]                                                                                  ; pin_out          ;
; |maquinaVendas|Tot_mv[7]                                                                                  ; |maquinaVendas|Tot_mv[7]                                                                                  ; pin_out          ;
; |maquinaVendas|datapathMV:Datapath|Comparador_8Bits:Comp|Comparador_4Bits:Comp2|Comparador:Comp4|out_lt~1 ; |maquinaVendas|datapathMV:Datapath|Comparador_8Bits:Comp|Comparador_4Bits:Comp2|Comparador:Comp4|out_lt~1 ; out0             ;
; |maquinaVendas|datapathMV:Datapath|Comparador_8Bits:Comp|Comparador_4Bits:Comp2|Comparador:Comp3|out_lt~1 ; |maquinaVendas|datapathMV:Datapath|Comparador_8Bits:Comp|Comparador_4Bits:Comp2|Comparador:Comp3|out_lt~1 ; out0             ;
; |maquinaVendas|datapathMV:Datapath|Comparador_8Bits:Comp|Comparador_4Bits:Comp2|Comparador:Comp2|out_lt~1 ; |maquinaVendas|datapathMV:Datapath|Comparador_8Bits:Comp|Comparador_4Bits:Comp2|Comparador:Comp2|out_lt~1 ; out0             ;
; |maquinaVendas|datapathMV:Datapath|Comparador_8Bits:Comp|Comparador_4Bits:Comp1|Comparador:Comp4|out_lt~0 ; |maquinaVendas|datapathMV:Datapath|Comparador_8Bits:Comp|Comparador_4Bits:Comp1|Comparador:Comp4|out_lt~0 ; out0             ;
; |maquinaVendas|datapathMV:Datapath|Comparador_8Bits:Comp|Comparador_4Bits:Comp1|Comparador:Comp4|out_lt~1 ; |maquinaVendas|datapathMV:Datapath|Comparador_8Bits:Comp|Comparador_4Bits:Comp1|Comparador:Comp4|out_lt~1 ; out0             ;
; |maquinaVendas|datapathMV:Datapath|Comparador_8Bits:Comp|Comparador_4Bits:Comp1|Comparador:Comp4|out_lt   ; |maquinaVendas|datapathMV:Datapath|Comparador_8Bits:Comp|Comparador_4Bits:Comp1|Comparador:Comp4|out_lt   ; out0             ;
; |maquinaVendas|datapathMV:Datapath|Comparador_8Bits:Comp|Comparador_4Bits:Comp1|Comparador:Comp4|out_eq~0 ; |maquinaVendas|datapathMV:Datapath|Comparador_8Bits:Comp|Comparador_4Bits:Comp1|Comparador:Comp4|out_eq~0 ; out0             ;
; |maquinaVendas|datapathMV:Datapath|Comparador_8Bits:Comp|Comparador_4Bits:Comp1|Comparador:Comp4|out_eq   ; |maquinaVendas|datapathMV:Datapath|Comparador_8Bits:Comp|Comparador_4Bits:Comp1|Comparador:Comp4|out_eq   ; out0             ;
; |maquinaVendas|datapathMV:Datapath|Comparador_8Bits:Comp|Comparador_4Bits:Comp1|Comparador:Comp3|out_lt~0 ; |maquinaVendas|datapathMV:Datapath|Comparador_8Bits:Comp|Comparador_4Bits:Comp1|Comparador:Comp3|out_lt~0 ; out0             ;
; |maquinaVendas|datapathMV:Datapath|Comparador_8Bits:Comp|Comparador_4Bits:Comp1|Comparador:Comp3|out_lt~1 ; |maquinaVendas|datapathMV:Datapath|Comparador_8Bits:Comp|Comparador_4Bits:Comp1|Comparador:Comp3|out_lt~1 ; out0             ;
; |maquinaVendas|datapathMV:Datapath|Comparador_8Bits:Comp|Comparador_4Bits:Comp1|Comparador:Comp3|out_lt   ; |maquinaVendas|datapathMV:Datapath|Comparador_8Bits:Comp|Comparador_4Bits:Comp1|Comparador:Comp3|out_lt   ; out0             ;
; |maquinaVendas|datapathMV:Datapath|Comparador_8Bits:Comp|Comparador_4Bits:Comp1|Comparador:Comp3|out_eq~0 ; |maquinaVendas|datapathMV:Datapath|Comparador_8Bits:Comp|Comparador_4Bits:Comp1|Comparador:Comp3|out_eq~0 ; out0             ;
; |maquinaVendas|datapathMV:Datapath|Comparador_8Bits:Comp|Comparador_4Bits:Comp1|Comparador:Comp3|out_eq   ; |maquinaVendas|datapathMV:Datapath|Comparador_8Bits:Comp|Comparador_4Bits:Comp1|Comparador:Comp3|out_eq   ; out0             ;
; |maquinaVendas|datapathMV:Datapath|Comparador_8Bits:Comp|Comparador_4Bits:Comp1|Comparador:Comp2|out_lt~0 ; |maquinaVendas|datapathMV:Datapath|Comparador_8Bits:Comp|Comparador_4Bits:Comp1|Comparador:Comp2|out_lt~0 ; out0             ;
; |maquinaVendas|datapathMV:Datapath|Comparador_8Bits:Comp|Comparador_4Bits:Comp1|Comparador:Comp2|out_lt~1 ; |maquinaVendas|datapathMV:Datapath|Comparador_8Bits:Comp|Comparador_4Bits:Comp1|Comparador:Comp2|out_lt~1 ; out0             ;
; |maquinaVendas|datapathMV:Datapath|Comparador_8Bits:Comp|Comparador_4Bits:Comp1|Comparador:Comp2|out_lt   ; |maquinaVendas|datapathMV:Datapath|Comparador_8Bits:Comp|Comparador_4Bits:Comp1|Comparador:Comp2|out_lt   ; out0             ;
; |maquinaVendas|datapathMV:Datapath|Comparador_8Bits:Comp|Comparador_4Bits:Comp1|Comparador:Comp2|out_eq~0 ; |maquinaVendas|datapathMV:Datapath|Comparador_8Bits:Comp|Comparador_4Bits:Comp1|Comparador:Comp2|out_eq~0 ; out0             ;
; |maquinaVendas|datapathMV:Datapath|Comparador_8Bits:Comp|Comparador_4Bits:Comp1|Comparador:Comp2|out_eq   ; |maquinaVendas|datapathMV:Datapath|Comparador_8Bits:Comp|Comparador_4Bits:Comp1|Comparador:Comp2|out_eq   ; out0             ;
; |maquinaVendas|datapathMV:Datapath|Comparador_8Bits:Comp|Comparador_4Bits:Comp1|Comparador:Comp1|out_lt~1 ; |maquinaVendas|datapathMV:Datapath|Comparador_8Bits:Comp|Comparador_4Bits:Comp1|Comparador:Comp1|out_lt~1 ; out0             ;
; |maquinaVendas|datapathMV:Datapath|Comparador_8Bits:Comp|Comparador_4Bits:Comp1|Comparador:Comp1|out_eq~0 ; |maquinaVendas|datapathMV:Datapath|Comparador_8Bits:Comp|Comparador_4Bits:Comp1|Comparador:Comp1|out_eq~0 ; out0             ;
; |maquinaVendas|datapathMV:Datapath|SUM_8Bits:SUM|SUM_4Bits:SUM02|SUM_2Bits:SUM02|SUM_1Bit:SUM02|S_out~0   ; |maquinaVendas|datapathMV:Datapath|SUM_8Bits:SUM|SUM_4Bits:SUM02|SUM_2Bits:SUM02|SUM_1Bit:SUM02|S_out~0   ; out0             ;
; |maquinaVendas|datapathMV:Datapath|SUM_8Bits:SUM|SUM_4Bits:SUM02|SUM_2Bits:SUM02|SUM_1Bit:SUM02|S_out~1   ; |maquinaVendas|datapathMV:Datapath|SUM_8Bits:SUM|SUM_4Bits:SUM02|SUM_2Bits:SUM02|SUM_1Bit:SUM02|S_out~1   ; out0             ;
; |maquinaVendas|datapathMV:Datapath|SUM_8Bits:SUM|SUM_4Bits:SUM02|SUM_2Bits:SUM02|SUM_1Bit:SUM02|S_out~2   ; |maquinaVendas|datapathMV:Datapath|SUM_8Bits:SUM|SUM_4Bits:SUM02|SUM_2Bits:SUM02|SUM_1Bit:SUM02|S_out~2   ; out0             ;
; |maquinaVendas|datapathMV:Datapath|SUM_8Bits:SUM|SUM_4Bits:SUM02|SUM_2Bits:SUM02|SUM_1Bit:SUM02|S_out~3   ; |maquinaVendas|datapathMV:Datapath|SUM_8Bits:SUM|SUM_4Bits:SUM02|SUM_2Bits:SUM02|SUM_1Bit:SUM02|S_out~3   ; out0             ;
; |maquinaVendas|datapathMV:Datapath|SUM_8Bits:SUM|SUM_4Bits:SUM02|SUM_2Bits:SUM02|SUM_1Bit:SUM02|S_out~4   ; |maquinaVendas|datapathMV:Datapath|SUM_8Bits:SUM|SUM_4Bits:SUM02|SUM_2Bits:SUM02|SUM_1Bit:SUM02|S_out~4   ; out0             ;
; |maquinaVendas|datapathMV:Datapath|SUM_8Bits:SUM|SUM_4Bits:SUM02|SUM_2Bits:SUM02|SUM_1Bit:SUM02|S_out~5   ; |maquinaVendas|datapathMV:Datapath|SUM_8Bits:SUM|SUM_4Bits:SUM02|SUM_2Bits:SUM02|SUM_1Bit:SUM02|S_out~5   ; out0             ;
; |maquinaVendas|datapathMV:Datapath|SUM_8Bits:SUM|SUM_4Bits:SUM02|SUM_2Bits:SUM02|SUM_1Bit:SUM02|S_out~6   ; |maquinaVendas|datapathMV:Datapath|SUM_8Bits:SUM|SUM_4Bits:SUM02|SUM_2Bits:SUM02|SUM_1Bit:SUM02|S_out~6   ; out0             ;
; |maquinaVendas|datapathMV:Datapath|SUM_8Bits:SUM|SUM_4Bits:SUM02|SUM_2Bits:SUM02|SUM_1Bit:SUM02|S_out~7   ; |maquinaVendas|datapathMV:Datapath|SUM_8Bits:SUM|SUM_4Bits:SUM02|SUM_2Bits:SUM02|SUM_1Bit:SUM02|S_out~7   ; out0             ;
; |maquinaVendas|datapathMV:Datapath|SUM_8Bits:SUM|SUM_4Bits:SUM02|SUM_2Bits:SUM02|SUM_1Bit:SUM02|S_out     ; |maquinaVendas|datapathMV:Datapath|SUM_8Bits:SUM|SUM_4Bits:SUM02|SUM_2Bits:SUM02|SUM_1Bit:SUM02|S_out     ; out0             ;
; |maquinaVendas|datapathMV:Datapath|SUM_8Bits:SUM|SUM_4Bits:SUM02|SUM_2Bits:SUM02|SUM_1Bit:SUM01|S_out~0   ; |maquinaVendas|datapathMV:Datapath|SUM_8Bits:SUM|SUM_4Bits:SUM02|SUM_2Bits:SUM02|SUM_1Bit:SUM01|S_out~0   ; out0             ;
; |maquinaVendas|datapathMV:Datapath|SUM_8Bits:SUM|SUM_4Bits:SUM02|SUM_2Bits:SUM02|SUM_1Bit:SUM01|S_out~1   ; |maquinaVendas|datapathMV:Datapath|SUM_8Bits:SUM|SUM_4Bits:SUM02|SUM_2Bits:SUM02|SUM_1Bit:SUM01|S_out~1   ; out0             ;
; |maquinaVendas|datapathMV:Datapath|SUM_8Bits:SUM|SUM_4Bits:SUM02|SUM_2Bits:SUM02|SUM_1Bit:SUM01|S_out~2   ; |maquinaVendas|datapathMV:Datapath|SUM_8Bits:SUM|SUM_4Bits:SUM02|SUM_2Bits:SUM02|SUM_1Bit:SUM01|S_out~2   ; out0             ;
; |maquinaVendas|datapathMV:Datapath|SUM_8Bits:SUM|SUM_4Bits:SUM02|SUM_2Bits:SUM02|SUM_1Bit:SUM01|S_out~3   ; |maquinaVendas|datapathMV:Datapath|SUM_8Bits:SUM|SUM_4Bits:SUM02|SUM_2Bits:SUM02|SUM_1Bit:SUM01|S_out~3   ; out0             ;
; |maquinaVendas|datapathMV:Datapath|SUM_8Bits:SUM|SUM_4Bits:SUM02|SUM_2Bits:SUM02|SUM_1Bit:SUM01|S_out~4   ; |maquinaVendas|datapathMV:Datapath|SUM_8Bits:SUM|SUM_4Bits:SUM02|SUM_2Bits:SUM02|SUM_1Bit:SUM01|S_out~4   ; out0             ;
; |maquinaVendas|datapathMV:Datapath|SUM_8Bits:SUM|SUM_4Bits:SUM02|SUM_2Bits:SUM02|SUM_1Bit:SUM01|S_out~5   ; |maquinaVendas|datapathMV:Datapath|SUM_8Bits:SUM|SUM_4Bits:SUM02|SUM_2Bits:SUM02|SUM_1Bit:SUM01|S_out~5   ; out0             ;
; |maquinaVendas|datapathMV:Datapath|SUM_8Bits:SUM|SUM_4Bits:SUM02|SUM_2Bits:SUM02|SUM_1Bit:SUM01|S_out~6   ; |maquinaVendas|datapathMV:Datapath|SUM_8Bits:SUM|SUM_4Bits:SUM02|SUM_2Bits:SUM02|SUM_1Bit:SUM01|S_out~6   ; out0             ;
; |maquinaVendas|datapathMV:Datapath|SUM_8Bits:SUM|SUM_4Bits:SUM02|SUM_2Bits:SUM02|SUM_1Bit:SUM01|S_out~7   ; |maquinaVendas|datapathMV:Datapath|SUM_8Bits:SUM|SUM_4Bits:SUM02|SUM_2Bits:SUM02|SUM_1Bit:SUM01|S_out~7   ; out0             ;
; |maquinaVendas|datapathMV:Datapath|SUM_8Bits:SUM|SUM_4Bits:SUM02|SUM_2Bits:SUM02|SUM_1Bit:SUM01|S_out     ; |maquinaVendas|datapathMV:Datapath|SUM_8Bits:SUM|SUM_4Bits:SUM02|SUM_2Bits:SUM02|SUM_1Bit:SUM01|S_out     ; out0             ;
; |maquinaVendas|datapathMV:Datapath|SUM_8Bits:SUM|SUM_4Bits:SUM02|SUM_2Bits:SUM02|SUM_1Bit:SUM01|C_out~0   ; |maquinaVendas|datapathMV:Datapath|SUM_8Bits:SUM|SUM_4Bits:SUM02|SUM_2Bits:SUM02|SUM_1Bit:SUM01|C_out~0   ; out0             ;
; |maquinaVendas|datapathMV:Datapath|SUM_8Bits:SUM|SUM_4Bits:SUM02|SUM_2Bits:SUM02|SUM_1Bit:SUM01|C_out~1   ; |maquinaVendas|datapathMV:Datapath|SUM_8Bits:SUM|SUM_4Bits:SUM02|SUM_2Bits:SUM02|SUM_1Bit:SUM01|C_out~1   ; out0             ;
; |maquinaVendas|datapathMV:Datapath|SUM_8Bits:SUM|SUM_4Bits:SUM02|SUM_2Bits:SUM02|SUM_1Bit:SUM01|C_out~2   ; |maquinaVendas|datapathMV:Datapath|SUM_8Bits:SUM|SUM_4Bits:SUM02|SUM_2Bits:SUM02|SUM_1Bit:SUM01|C_out~2   ; out0             ;
; |maquinaVendas|datapathMV:Datapath|SUM_8Bits:SUM|SUM_4Bits:SUM02|SUM_2Bits:SUM02|SUM_1Bit:SUM01|C_out     ; |maquinaVendas|datapathMV:Datapath|SUM_8Bits:SUM|SUM_4Bits:SUM02|SUM_2Bits:SUM02|SUM_1Bit:SUM01|C_out     ; out0             ;
; |maquinaVendas|datapathMV:Datapath|SUM_8Bits:SUM|SUM_4Bits:SUM02|SUM_2Bits:SUM01|SUM_1Bit:SUM02|S_out~0   ; |maquinaVendas|datapathMV:Datapath|SUM_8Bits:SUM|SUM_4Bits:SUM02|SUM_2Bits:SUM01|SUM_1Bit:SUM02|S_out~0   ; out0             ;
; |maquinaVendas|datapathMV:Datapath|SUM_8Bits:SUM|SUM_4Bits:SUM02|SUM_2Bits:SUM01|SUM_1Bit:SUM02|S_out~1   ; |maquinaVendas|datapathMV:Datapath|SUM_8Bits:SUM|SUM_4Bits:SUM02|SUM_2Bits:SUM01|SUM_1Bit:SUM02|S_out~1   ; out0             ;
; |maquinaVendas|datapathMV:Datapath|SUM_8Bits:SUM|SUM_4Bits:SUM02|SUM_2Bits:SUM01|SUM_1Bit:SUM02|S_out~2   ; |maquinaVendas|datapathMV:Datapath|SUM_8Bits:SUM|SUM_4Bits:SUM02|SUM_2Bits:SUM01|SUM_1Bit:SUM02|S_out~2   ; out0             ;
; |maquinaVendas|datapathMV:Datapath|SUM_8Bits:SUM|SUM_4Bits:SUM02|SUM_2Bits:SUM01|SUM_1Bit:SUM02|S_out~3   ; |maquinaVendas|datapathMV:Datapath|SUM_8Bits:SUM|SUM_4Bits:SUM02|SUM_2Bits:SUM01|SUM_1Bit:SUM02|S_out~3   ; out0             ;
; |maquinaVendas|datapathMV:Datapath|SUM_8Bits:SUM|SUM_4Bits:SUM02|SUM_2Bits:SUM01|SUM_1Bit:SUM02|S_out~4   ; |maquinaVendas|datapathMV:Datapath|SUM_8Bits:SUM|SUM_4Bits:SUM02|SUM_2Bits:SUM01|SUM_1Bit:SUM02|S_out~4   ; out0             ;
; |maquinaVendas|datapathMV:Datapath|SUM_8Bits:SUM|SUM_4Bits:SUM02|SUM_2Bits:SUM01|SUM_1Bit:SUM02|S_out~5   ; |maquinaVendas|datapathMV:Datapath|SUM_8Bits:SUM|SUM_4Bits:SUM02|SUM_2Bits:SUM01|SUM_1Bit:SUM02|S_out~5   ; out0             ;
; |maquinaVendas|datapathMV:Datapath|SUM_8Bits:SUM|SUM_4Bits:SUM02|SUM_2Bits:SUM01|SUM_1Bit:SUM02|S_out~6   ; |maquinaVendas|datapathMV:Datapath|SUM_8Bits:SUM|SUM_4Bits:SUM02|SUM_2Bits:SUM01|SUM_1Bit:SUM02|S_out~6   ; out0             ;
; |maquinaVendas|datapathMV:Datapath|SUM_8Bits:SUM|SUM_4Bits:SUM02|SUM_2Bits:SUM01|SUM_1Bit:SUM02|S_out~7   ; |maquinaVendas|datapathMV:Datapath|SUM_8Bits:SUM|SUM_4Bits:SUM02|SUM_2Bits:SUM01|SUM_1Bit:SUM02|S_out~7   ; out0             ;
; |maquinaVendas|datapathMV:Datapath|SUM_8Bits:SUM|SUM_4Bits:SUM02|SUM_2Bits:SUM01|SUM_1Bit:SUM02|S_out     ; |maquinaVendas|datapathMV:Datapath|SUM_8Bits:SUM|SUM_4Bits:SUM02|SUM_2Bits:SUM01|SUM_1Bit:SUM02|S_out     ; out0             ;
; |maquinaVendas|datapathMV:Datapath|SUM_8Bits:SUM|SUM_4Bits:SUM02|SUM_2Bits:SUM01|SUM_1Bit:SUM02|C_out~0   ; |maquinaVendas|datapathMV:Datapath|SUM_8Bits:SUM|SUM_4Bits:SUM02|SUM_2Bits:SUM01|SUM_1Bit:SUM02|C_out~0   ; out0             ;
; |maquinaVendas|datapathMV:Datapath|SUM_8Bits:SUM|SUM_4Bits:SUM02|SUM_2Bits:SUM01|SUM_1Bit:SUM02|C_out~1   ; |maquinaVendas|datapathMV:Datapath|SUM_8Bits:SUM|SUM_4Bits:SUM02|SUM_2Bits:SUM01|SUM_1Bit:SUM02|C_out~1   ; out0             ;
; |maquinaVendas|datapathMV:Datapath|SUM_8Bits:SUM|SUM_4Bits:SUM02|SUM_2Bits:SUM01|SUM_1Bit:SUM02|C_out~2   ; |maquinaVendas|datapathMV:Datapath|SUM_8Bits:SUM|SUM_4Bits:SUM02|SUM_2Bits:SUM01|SUM_1Bit:SUM02|C_out~2   ; out0             ;
; |maquinaVendas|datapathMV:Datapath|SUM_8Bits:SUM|SUM_4Bits:SUM02|SUM_2Bits:SUM01|SUM_1Bit:SUM02|C_out     ; |maquinaVendas|datapathMV:Datapath|SUM_8Bits:SUM|SUM_4Bits:SUM02|SUM_2Bits:SUM01|SUM_1Bit:SUM02|C_out     ; out0             ;
; |maquinaVendas|datapathMV:Datapath|SUM_8Bits:SUM|SUM_4Bits:SUM02|SUM_2Bits:SUM01|SUM_1Bit:SUM01|S_out~1   ; |maquinaVendas|datapathMV:Datapath|SUM_8Bits:SUM|SUM_4Bits:SUM02|SUM_2Bits:SUM01|SUM_1Bit:SUM01|S_out~1   ; out0             ;
; |maquinaVendas|datapathMV:Datapath|SUM_8Bits:SUM|SUM_4Bits:SUM02|SUM_2Bits:SUM01|SUM_1Bit:SUM01|S_out~3   ; |maquinaVendas|datapathMV:Datapath|SUM_8Bits:SUM|SUM_4Bits:SUM02|SUM_2Bits:SUM01|SUM_1Bit:SUM01|S_out~3   ; out0             ;
; |maquinaVendas|datapathMV:Datapath|SUM_8Bits:SUM|SUM_4Bits:SUM02|SUM_2Bits:SUM01|SUM_1Bit:SUM01|S_out~4   ; |maquinaVendas|datapathMV:Datapath|SUM_8Bits:SUM|SUM_4Bits:SUM02|SUM_2Bits:SUM01|SUM_1Bit:SUM01|S_out~4   ; out0             ;
; |maquinaVendas|datapathMV:Datapath|SUM_8Bits:SUM|SUM_4Bits:SUM02|SUM_2Bits:SUM01|SUM_1Bit:SUM01|C_out~0   ; |maquinaVendas|datapathMV:Datapath|SUM_8Bits:SUM|SUM_4Bits:SUM02|SUM_2Bits:SUM01|SUM_1Bit:SUM01|C_out~0   ; out0             ;
; |maquinaVendas|datapathMV:Datapath|SUM_8Bits:SUM|SUM_4Bits:SUM02|SUM_2Bits:SUM01|SUM_1Bit:SUM01|C_out~1   ; |maquinaVendas|datapathMV:Datapath|SUM_8Bits:SUM|SUM_4Bits:SUM02|SUM_2Bits:SUM01|SUM_1Bit:SUM01|C_out~1   ; out0             ;
; |maquinaVendas|datapathMV:Datapath|SUM_8Bits:SUM|SUM_4Bits:SUM02|SUM_2Bits:SUM01|SUM_1Bit:SUM01|C_out~2   ; |maquinaVendas|datapathMV:Datapath|SUM_8Bits:SUM|SUM_4Bits:SUM02|SUM_2Bits:SUM01|SUM_1Bit:SUM01|C_out~2   ; out0             ;
; |maquinaVendas|datapathMV:Datapath|SUM_8Bits:SUM|SUM_4Bits:SUM02|SUM_2Bits:SUM01|SUM_1Bit:SUM01|C_out     ; |maquinaVendas|datapathMV:Datapath|SUM_8Bits:SUM|SUM_4Bits:SUM02|SUM_2Bits:SUM01|SUM_1Bit:SUM01|C_out     ; out0             ;
; |maquinaVendas|datapathMV:Datapath|SUM_8Bits:SUM|SUM_4Bits:SUM01|SUM_2Bits:SUM02|SUM_1Bit:SUM02|S_out~3   ; |maquinaVendas|datapathMV:Datapath|SUM_8Bits:SUM|SUM_4Bits:SUM01|SUM_2Bits:SUM02|SUM_1Bit:SUM02|S_out~3   ; out0             ;
; |maquinaVendas|datapathMV:Datapath|SUM_8Bits:SUM|SUM_4Bits:SUM01|SUM_2Bits:SUM02|SUM_1Bit:SUM02|C_out~2   ; |maquinaVendas|datapathMV:Datapath|SUM_8Bits:SUM|SUM_4Bits:SUM01|SUM_2Bits:SUM02|SUM_1Bit:SUM02|C_out~2   ; out0             ;
; |maquinaVendas|datapathMV:Datapath|SUM_8Bits:SUM|SUM_4Bits:SUM01|SUM_2Bits:SUM02|SUM_1Bit:SUM01|S_out~3   ; |maquinaVendas|datapathMV:Datapath|SUM_8Bits:SUM|SUM_4Bits:SUM01|SUM_2Bits:SUM02|SUM_1Bit:SUM01|S_out~3   ; out0             ;
; |maquinaVendas|datapathMV:Datapath|SUM_8Bits:SUM|SUM_4Bits:SUM01|SUM_2Bits:SUM02|SUM_1Bit:SUM01|C_out~2   ; |maquinaVendas|datapathMV:Datapath|SUM_8Bits:SUM|SUM_4Bits:SUM01|SUM_2Bits:SUM02|SUM_1Bit:SUM01|C_out~2   ; out0             ;
; |maquinaVendas|datapathMV:Datapath|SUM_8Bits:SUM|SUM_4Bits:SUM01|SUM_2Bits:SUM01|SUM_1Bit:SUM02|S_out~1   ; |maquinaVendas|datapathMV:Datapath|SUM_8Bits:SUM|SUM_4Bits:SUM01|SUM_2Bits:SUM01|SUM_1Bit:SUM02|S_out~1   ; out0             ;
; |maquinaVendas|datapathMV:Datapath|SUM_8Bits:SUM|SUM_4Bits:SUM01|SUM_2Bits:SUM01|SUM_1Bit:SUM02|S_out~5   ; |maquinaVendas|datapathMV:Datapath|SUM_8Bits:SUM|SUM_4Bits:SUM01|SUM_2Bits:SUM01|SUM_1Bit:SUM02|S_out~5   ; out0             ;
; |maquinaVendas|datapathMV:Datapath|SUM_8Bits:SUM|SUM_4Bits:SUM01|SUM_2Bits:SUM01|SUM_1Bit:SUM02|S_out~7   ; |maquinaVendas|datapathMV:Datapath|SUM_8Bits:SUM|SUM_4Bits:SUM01|SUM_2Bits:SUM01|SUM_1Bit:SUM02|S_out~7   ; out0             ;
; |maquinaVendas|datapathMV:Datapath|SUM_8Bits:SUM|SUM_4Bits:SUM01|SUM_2Bits:SUM01|SUM_1Bit:SUM02|C_out~0   ; |maquinaVendas|datapathMV:Datapath|SUM_8Bits:SUM|SUM_4Bits:SUM01|SUM_2Bits:SUM01|SUM_1Bit:SUM02|C_out~0   ; out0             ;
; |maquinaVendas|datapathMV:Datapath|SUM_8Bits:SUM|SUM_4Bits:SUM01|SUM_2Bits:SUM01|SUM_1Bit:SUM02|C_out~1   ; |maquinaVendas|datapathMV:Datapath|SUM_8Bits:SUM|SUM_4Bits:SUM01|SUM_2Bits:SUM01|SUM_1Bit:SUM02|C_out~1   ; out0             ;
; |maquinaVendas|datapathMV:Datapath|SUM_8Bits:SUM|SUM_4Bits:SUM01|SUM_2Bits:SUM01|SUM_1Bit:SUM01|S_out~3   ; |maquinaVendas|datapathMV:Datapath|SUM_8Bits:SUM|SUM_4Bits:SUM01|SUM_2Bits:SUM01|SUM_1Bit:SUM01|S_out~3   ; out0             ;
; |maquinaVendas|datapathMV:Datapath|SUM_8Bits:SUM|SUM_4Bits:SUM01|SUM_2Bits:SUM01|SUM_1Bit:SUM01|S_out~7   ; |maquinaVendas|datapathMV:Datapath|SUM_8Bits:SUM|SUM_4Bits:SUM01|SUM_2Bits:SUM01|SUM_1Bit:SUM01|S_out~7   ; out0             ;
; |maquinaVendas|datapathMV:Datapath|SUM_8Bits:SUM|SUM_4Bits:SUM01|SUM_2Bits:SUM01|SUM_1Bit:SUM01|S_out     ; |maquinaVendas|datapathMV:Datapath|SUM_8Bits:SUM|SUM_4Bits:SUM01|SUM_2Bits:SUM01|SUM_1Bit:SUM01|S_out     ; out0             ;
; |maquinaVendas|datapathMV:Datapath|SUM_8Bits:SUM|SUM_4Bits:SUM01|SUM_2Bits:SUM01|SUM_1Bit:SUM01|C_out~2   ; |maquinaVendas|datapathMV:Datapath|SUM_8Bits:SUM|SUM_4Bits:SUM01|SUM_2Bits:SUM01|SUM_1Bit:SUM01|C_out~2   ; out0             ;
; |maquinaVendas|datapathMV:Datapath|reg8Bits:Reg|qs[7]                                                     ; |maquinaVendas|datapathMV:Datapath|reg8Bits:Reg|qs[7]                                                     ; regout           ;
; |maquinaVendas|datapathMV:Datapath|reg8Bits:Reg|qs[6]                                                     ; |maquinaVendas|datapathMV:Datapath|reg8Bits:Reg|qs[6]                                                     ; regout           ;
; |maquinaVendas|datapathMV:Datapath|reg8Bits:Reg|qs[5]                                                     ; |maquinaVendas|datapathMV:Datapath|reg8Bits:Reg|qs[5]                                                     ; regout           ;
; |maquinaVendas|datapathMV:Datapath|reg8Bits:Reg|qs[4]                                                     ; |maquinaVendas|datapathMV:Datapath|reg8Bits:Reg|qs[4]                                                     ; regout           ;
; |maquinaVendas|datapathMV:Datapath|reg8Bits:Reg|qs[0]                                                     ; |maquinaVendas|datapathMV:Datapath|reg8Bits:Reg|qs[0]                                                     ; regout           ;
+-----------------------------------------------------------------------------------------------------------+-----------------------------------------------------------------------------------------------------------+------------------+


The following table displays output ports that do not toggle to 0 during simulation.
+------------------------------------------------------------------------------------------------------------------------------------------------------------------------------------------------------------------------------------------+
; Missing 0-Value Coverage                                                                                                                                                                                                                 ;
+-----------------------------------------------------------------------------------------------------------+-----------------------------------------------------------------------------------------------------------+------------------+
; Node Name                                                                                                 ; Output Port Name                                                                                          ; Output Port Type ;
+-----------------------------------------------------------------------------------------------------------+-----------------------------------------------------------------------------------------------------------+------------------+
; |maquinaVendas|S[0]                                                                                       ; |maquinaVendas|S[0]                                                                                       ; out              ;
; |maquinaVendas|S[1]                                                                                       ; |maquinaVendas|S[1]                                                                                       ; out              ;
; |maquinaVendas|S[2]                                                                                       ; |maquinaVendas|S[2]                                                                                       ; out              ;
; |maquinaVendas|S[3]                                                                                       ; |maquinaVendas|S[3]                                                                                       ; out              ;
; |maquinaVendas|S[4]                                                                                       ; |maquinaVendas|S[4]                                                                                       ; out              ;
; |maquinaVendas|S[5]                                                                                       ; |maquinaVendas|S[5]                                                                                       ; out              ;
; |maquinaVendas|S[6]                                                                                       ; |maquinaVendas|S[6]                                                                                       ; out              ;
; |maquinaVendas|S[7]                                                                                       ; |maquinaVendas|S[7]                                                                                       ; out              ;
; |maquinaVendas|A[0]                                                                                       ; |maquinaVendas|A[0]                                                                                       ; out              ;
; |maquinaVendas|A[1]                                                                                       ; |maquinaVendas|A[1]                                                                                       ; out              ;
; |maquinaVendas|A[2]                                                                                       ; |maquinaVendas|A[2]                                                                                       ; out              ;
; |maquinaVendas|A[3]                                                                                       ; |maquinaVendas|A[3]                                                                                       ; out              ;
; |maquinaVendas|A[4]                                                                                       ; |maquinaVendas|A[4]                                                                                       ; out              ;
; |maquinaVendas|A[5]                                                                                       ; |maquinaVendas|A[5]                                                                                       ; out              ;
; |maquinaVendas|A[6]                                                                                       ; |maquinaVendas|A[6]                                                                                       ; out              ;
; |maquinaVendas|A[7]                                                                                       ; |maquinaVendas|A[7]                                                                                       ; out              ;
; |maquinaVendas|Tot_mv[0]                                                                                  ; |maquinaVendas|Tot_mv[0]                                                                                  ; pin_out          ;
; |maquinaVendas|Tot_mv[4]                                                                                  ; |maquinaVendas|Tot_mv[4]                                                                                  ; pin_out          ;
; |maquinaVendas|Tot_mv[5]                                                                                  ; |maquinaVendas|Tot_mv[5]                                                                                  ; pin_out          ;
; |maquinaVendas|Tot_mv[6]                                                                                  ; |maquinaVendas|Tot_mv[6]                                                                                  ; pin_out          ;
; |maquinaVendas|Tot_mv[7]                                                                                  ; |maquinaVendas|Tot_mv[7]                                                                                  ; pin_out          ;
; |maquinaVendas|datapathMV:Datapath|Comparador_8Bits:Comp|Comparador_4Bits:Comp2|Comparador:Comp4|out_lt~1 ; |maquinaVendas|datapathMV:Datapath|Comparador_8Bits:Comp|Comparador_4Bits:Comp2|Comparador:Comp4|out_lt~1 ; out0             ;
; |maquinaVendas|datapathMV:Datapath|Comparador_8Bits:Comp|Comparador_4Bits:Comp2|Comparador:Comp3|out_lt~1 ; |maquinaVendas|datapathMV:Datapath|Comparador_8Bits:Comp|Comparador_4Bits:Comp2|Comparador:Comp3|out_lt~1 ; out0             ;
; |maquinaVendas|datapathMV:Datapath|Comparador_8Bits:Comp|Comparador_4Bits:Comp2|Comparador:Comp2|out_lt~1 ; |maquinaVendas|datapathMV:Datapath|Comparador_8Bits:Comp|Comparador_4Bits:Comp2|Comparador:Comp2|out_lt~1 ; out0             ;
; |maquinaVendas|datapathMV:Datapath|Comparador_8Bits:Comp|Comparador_4Bits:Comp1|Comparador:Comp4|out_lt~0 ; |maquinaVendas|datapathMV:Datapath|Comparador_8Bits:Comp|Comparador_4Bits:Comp1|Comparador:Comp4|out_lt~0 ; out0             ;
; |maquinaVendas|datapathMV:Datapath|Comparador_8Bits:Comp|Comparador_4Bits:Comp1|Comparador:Comp4|out_lt~1 ; |maquinaVendas|datapathMV:Datapath|Comparador_8Bits:Comp|Comparador_4Bits:Comp1|Comparador:Comp4|out_lt~1 ; out0             ;
; |maquinaVendas|datapathMV:Datapath|Comparador_8Bits:Comp|Comparador_4Bits:Comp1|Comparador:Comp4|out_lt   ; |maquinaVendas|datapathMV:Datapath|Comparador_8Bits:Comp|Comparador_4Bits:Comp1|Comparador:Comp4|out_lt   ; out0             ;
; |maquinaVendas|datapathMV:Datapath|Comparador_8Bits:Comp|Comparador_4Bits:Comp1|Comparador:Comp4|out_eq~0 ; |maquinaVendas|datapathMV:Datapath|Comparador_8Bits:Comp|Comparador_4Bits:Comp1|Comparador:Comp4|out_eq~0 ; out0             ;
; |maquinaVendas|datapathMV:Datapath|Comparador_8Bits:Comp|Comparador_4Bits:Comp1|Comparador:Comp4|out_eq   ; |maquinaVendas|datapathMV:Datapath|Comparador_8Bits:Comp|Comparador_4Bits:Comp1|Comparador:Comp4|out_eq   ; out0             ;
; |maquinaVendas|datapathMV:Datapath|Comparador_8Bits:Comp|Comparador_4Bits:Comp1|Comparador:Comp3|out_lt~0 ; |maquinaVendas|datapathMV:Datapath|Comparador_8Bits:Comp|Comparador_4Bits:Comp1|Comparador:Comp3|out_lt~0 ; out0             ;
; |maquinaVendas|datapathMV:Datapath|Comparador_8Bits:Comp|Comparador_4Bits:Comp1|Comparador:Comp3|out_lt~1 ; |maquinaVendas|datapathMV:Datapath|Comparador_8Bits:Comp|Comparador_4Bits:Comp1|Comparador:Comp3|out_lt~1 ; out0             ;
; |maquinaVendas|datapathMV:Datapath|Comparador_8Bits:Comp|Comparador_4Bits:Comp1|Comparador:Comp3|out_lt   ; |maquinaVendas|datapathMV:Datapath|Comparador_8Bits:Comp|Comparador_4Bits:Comp1|Comparador:Comp3|out_lt   ; out0             ;
; |maquinaVendas|datapathMV:Datapath|Comparador_8Bits:Comp|Comparador_4Bits:Comp1|Comparador:Comp3|out_eq~0 ; |maquinaVendas|datapathMV:Datapath|Comparador_8Bits:Comp|Comparador_4Bits:Comp1|Comparador:Comp3|out_eq~0 ; out0             ;
; |maquinaVendas|datapathMV:Datapath|Comparador_8Bits:Comp|Comparador_4Bits:Comp1|Comparador:Comp3|out_eq   ; |maquinaVendas|datapathMV:Datapath|Comparador_8Bits:Comp|Comparador_4Bits:Comp1|Comparador:Comp3|out_eq   ; out0             ;
; |maquinaVendas|datapathMV:Datapath|Comparador_8Bits:Comp|Comparador_4Bits:Comp1|Comparador:Comp2|out_lt~0 ; |maquinaVendas|datapathMV:Datapath|Comparador_8Bits:Comp|Comparador_4Bits:Comp1|Comparador:Comp2|out_lt~0 ; out0             ;
; |maquinaVendas|datapathMV:Datapath|Comparador_8Bits:Comp|Comparador_4Bits:Comp1|Comparador:Comp2|out_lt~1 ; |maquinaVendas|datapathMV:Datapath|Comparador_8Bits:Comp|Comparador_4Bits:Comp1|Comparador:Comp2|out_lt~1 ; out0             ;
; |maquinaVendas|datapathMV:Datapath|Comparador_8Bits:Comp|Comparador_4Bits:Comp1|Comparador:Comp2|out_lt   ; |maquinaVendas|datapathMV:Datapath|Comparador_8Bits:Comp|Comparador_4Bits:Comp1|Comparador:Comp2|out_lt   ; out0             ;
; |maquinaVendas|datapathMV:Datapath|Comparador_8Bits:Comp|Comparador_4Bits:Comp1|Comparador:Comp2|out_eq~0 ; |maquinaVendas|datapathMV:Datapath|Comparador_8Bits:Comp|Comparador_4Bits:Comp1|Comparador:Comp2|out_eq~0 ; out0             ;
; |maquinaVendas|datapathMV:Datapath|Comparador_8Bits:Comp|Comparador_4Bits:Comp1|Comparador:Comp2|out_eq   ; |maquinaVendas|datapathMV:Datapath|Comparador_8Bits:Comp|Comparador_4Bits:Comp1|Comparador:Comp2|out_eq   ; out0             ;
; |maquinaVendas|datapathMV:Datapath|Comparador_8Bits:Comp|Comparador_4Bits:Comp1|Comparador:Comp1|out_lt~1 ; |maquinaVendas|datapathMV:Datapath|Comparador_8Bits:Comp|Comparador_4Bits:Comp1|Comparador:Comp1|out_lt~1 ; out0             ;
; |maquinaVendas|datapathMV:Datapath|Comparador_8Bits:Comp|Comparador_4Bits:Comp1|Comparador:Comp1|out_eq~0 ; |maquinaVendas|datapathMV:Datapath|Comparador_8Bits:Comp|Comparador_4Bits:Comp1|Comparador:Comp1|out_eq~0 ; out0             ;
; |maquinaVendas|datapathMV:Datapath|SUM_8Bits:SUM|SUM_4Bits:SUM02|SUM_2Bits:SUM02|SUM_1Bit:SUM02|S_out~0   ; |maquinaVendas|datapathMV:Datapath|SUM_8Bits:SUM|SUM_4Bits:SUM02|SUM_2Bits:SUM02|SUM_1Bit:SUM02|S_out~0   ; out0             ;
; |maquinaVendas|datapathMV:Datapath|SUM_8Bits:SUM|SUM_4Bits:SUM02|SUM_2Bits:SUM02|SUM_1Bit:SUM02|S_out~1   ; |maquinaVendas|datapathMV:Datapath|SUM_8Bits:SUM|SUM_4Bits:SUM02|SUM_2Bits:SUM02|SUM_1Bit:SUM02|S_out~1   ; out0             ;
; |maquinaVendas|datapathMV:Datapath|SUM_8Bits:SUM|SUM_4Bits:SUM02|SUM_2Bits:SUM02|SUM_1Bit:SUM02|S_out~2   ; |maquinaVendas|datapathMV:Datapath|SUM_8Bits:SUM|SUM_4Bits:SUM02|SUM_2Bits:SUM02|SUM_1Bit:SUM02|S_out~2   ; out0             ;
; |maquinaVendas|datapathMV:Datapath|SUM_8Bits:SUM|SUM_4Bits:SUM02|SUM_2Bits:SUM02|SUM_1Bit:SUM02|S_out~3   ; |maquinaVendas|datapathMV:Datapath|SUM_8Bits:SUM|SUM_4Bits:SUM02|SUM_2Bits:SUM02|SUM_1Bit:SUM02|S_out~3   ; out0             ;
; |maquinaVendas|datapathMV:Datapath|SUM_8Bits:SUM|SUM_4Bits:SUM02|SUM_2Bits:SUM02|SUM_1Bit:SUM02|S_out~4   ; |maquinaVendas|datapathMV:Datapath|SUM_8Bits:SUM|SUM_4Bits:SUM02|SUM_2Bits:SUM02|SUM_1Bit:SUM02|S_out~4   ; out0             ;
; |maquinaVendas|datapathMV:Datapath|SUM_8Bits:SUM|SUM_4Bits:SUM02|SUM_2Bits:SUM02|SUM_1Bit:SUM02|S_out~5   ; |maquinaVendas|datapathMV:Datapath|SUM_8Bits:SUM|SUM_4Bits:SUM02|SUM_2Bits:SUM02|SUM_1Bit:SUM02|S_out~5   ; out0             ;
; |maquinaVendas|datapathMV:Datapath|SUM_8Bits:SUM|SUM_4Bits:SUM02|SUM_2Bits:SUM02|SUM_1Bit:SUM02|S_out~6   ; |maquinaVendas|datapathMV:Datapath|SUM_8Bits:SUM|SUM_4Bits:SUM02|SUM_2Bits:SUM02|SUM_1Bit:SUM02|S_out~6   ; out0             ;
; |maquinaVendas|datapathMV:Datapath|SUM_8Bits:SUM|SUM_4Bits:SUM02|SUM_2Bits:SUM02|SUM_1Bit:SUM02|S_out~7   ; |maquinaVendas|datapathMV:Datapath|SUM_8Bits:SUM|SUM_4Bits:SUM02|SUM_2Bits:SUM02|SUM_1Bit:SUM02|S_out~7   ; out0             ;
; |maquinaVendas|datapathMV:Datapath|SUM_8Bits:SUM|SUM_4Bits:SUM02|SUM_2Bits:SUM02|SUM_1Bit:SUM02|S_out     ; |maquinaVendas|datapathMV:Datapath|SUM_8Bits:SUM|SUM_4Bits:SUM02|SUM_2Bits:SUM02|SUM_1Bit:SUM02|S_out     ; out0             ;
; |maquinaVendas|datapathMV:Datapath|SUM_8Bits:SUM|SUM_4Bits:SUM02|SUM_2Bits:SUM02|SUM_1Bit:SUM01|S_out~0   ; |maquinaVendas|datapathMV:Datapath|SUM_8Bits:SUM|SUM_4Bits:SUM02|SUM_2Bits:SUM02|SUM_1Bit:SUM01|S_out~0   ; out0             ;
; |maquinaVendas|datapathMV:Datapath|SUM_8Bits:SUM|SUM_4Bits:SUM02|SUM_2Bits:SUM02|SUM_1Bit:SUM01|S_out~1   ; |maquinaVendas|datapathMV:Datapath|SUM_8Bits:SUM|SUM_4Bits:SUM02|SUM_2Bits:SUM02|SUM_1Bit:SUM01|S_out~1   ; out0             ;
; |maquinaVendas|datapathMV:Datapath|SUM_8Bits:SUM|SUM_4Bits:SUM02|SUM_2Bits:SUM02|SUM_1Bit:SUM01|S_out~2   ; |maquinaVendas|datapathMV:Datapath|SUM_8Bits:SUM|SUM_4Bits:SUM02|SUM_2Bits:SUM02|SUM_1Bit:SUM01|S_out~2   ; out0             ;
; |maquinaVendas|datapathMV:Datapath|SUM_8Bits:SUM|SUM_4Bits:SUM02|SUM_2Bits:SUM02|SUM_1Bit:SUM01|S_out~3   ; |maquinaVendas|datapathMV:Datapath|SUM_8Bits:SUM|SUM_4Bits:SUM02|SUM_2Bits:SUM02|SUM_1Bit:SUM01|S_out~3   ; out0             ;
; |maquinaVendas|datapathMV:Datapath|SUM_8Bits:SUM|SUM_4Bits:SUM02|SUM_2Bits:SUM02|SUM_1Bit:SUM01|S_out~4   ; |maquinaVendas|datapathMV:Datapath|SUM_8Bits:SUM|SUM_4Bits:SUM02|SUM_2Bits:SUM02|SUM_1Bit:SUM01|S_out~4   ; out0             ;
; |maquinaVendas|datapathMV:Datapath|SUM_8Bits:SUM|SUM_4Bits:SUM02|SUM_2Bits:SUM02|SUM_1Bit:SUM01|S_out~5   ; |maquinaVendas|datapathMV:Datapath|SUM_8Bits:SUM|SUM_4Bits:SUM02|SUM_2Bits:SUM02|SUM_1Bit:SUM01|S_out~5   ; out0             ;
; |maquinaVendas|datapathMV:Datapath|SUM_8Bits:SUM|SUM_4Bits:SUM02|SUM_2Bits:SUM02|SUM_1Bit:SUM01|S_out~6   ; |maquinaVendas|datapathMV:Datapath|SUM_8Bits:SUM|SUM_4Bits:SUM02|SUM_2Bits:SUM02|SUM_1Bit:SUM01|S_out~6   ; out0             ;
; |maquinaVendas|datapathMV:Datapath|SUM_8Bits:SUM|SUM_4Bits:SUM02|SUM_2Bits:SUM02|SUM_1Bit:SUM01|S_out~7   ; |maquinaVendas|datapathMV:Datapath|SUM_8Bits:SUM|SUM_4Bits:SUM02|SUM_2Bits:SUM02|SUM_1Bit:SUM01|S_out~7   ; out0             ;
; |maquinaVendas|datapathMV:Datapath|SUM_8Bits:SUM|SUM_4Bits:SUM02|SUM_2Bits:SUM02|SUM_1Bit:SUM01|S_out     ; |maquinaVendas|datapathMV:Datapath|SUM_8Bits:SUM|SUM_4Bits:SUM02|SUM_2Bits:SUM02|SUM_1Bit:SUM01|S_out     ; out0             ;
; |maquinaVendas|datapathMV:Datapath|SUM_8Bits:SUM|SUM_4Bits:SUM02|SUM_2Bits:SUM02|SUM_1Bit:SUM01|C_out~0   ; |maquinaVendas|datapathMV:Datapath|SUM_8Bits:SUM|SUM_4Bits:SUM02|SUM_2Bits:SUM02|SUM_1Bit:SUM01|C_out~0   ; out0             ;
; |maquinaVendas|datapathMV:Datapath|SUM_8Bits:SUM|SUM_4Bits:SUM02|SUM_2Bits:SUM02|SUM_1Bit:SUM01|C_out~1   ; |maquinaVendas|datapathMV:Datapath|SUM_8Bits:SUM|SUM_4Bits:SUM02|SUM_2Bits:SUM02|SUM_1Bit:SUM01|C_out~1   ; out0             ;
; |maquinaVendas|datapathMV:Datapath|SUM_8Bits:SUM|SUM_4Bits:SUM02|SUM_2Bits:SUM02|SUM_1Bit:SUM01|C_out~2   ; |maquinaVendas|datapathMV:Datapath|SUM_8Bits:SUM|SUM_4Bits:SUM02|SUM_2Bits:SUM02|SUM_1Bit:SUM01|C_out~2   ; out0             ;
; |maquinaVendas|datapathMV:Datapath|SUM_8Bits:SUM|SUM_4Bits:SUM02|SUM_2Bits:SUM02|SUM_1Bit:SUM01|C_out     ; |maquinaVendas|datapathMV:Datapath|SUM_8Bits:SUM|SUM_4Bits:SUM02|SUM_2Bits:SUM02|SUM_1Bit:SUM01|C_out     ; out0             ;
; |maquinaVendas|datapathMV:Datapath|SUM_8Bits:SUM|SUM_4Bits:SUM02|SUM_2Bits:SUM01|SUM_1Bit:SUM02|S_out~0   ; |maquinaVendas|datapathMV:Datapath|SUM_8Bits:SUM|SUM_4Bits:SUM02|SUM_2Bits:SUM01|SUM_1Bit:SUM02|S_out~0   ; out0             ;
; |maquinaVendas|datapathMV:Datapath|SUM_8Bits:SUM|SUM_4Bits:SUM02|SUM_2Bits:SUM01|SUM_1Bit:SUM02|S_out~1   ; |maquinaVendas|datapathMV:Datapath|SUM_8Bits:SUM|SUM_4Bits:SUM02|SUM_2Bits:SUM01|SUM_1Bit:SUM02|S_out~1   ; out0             ;
; |maquinaVendas|datapathMV:Datapath|SUM_8Bits:SUM|SUM_4Bits:SUM02|SUM_2Bits:SUM01|SUM_1Bit:SUM02|S_out~2   ; |maquinaVendas|datapathMV:Datapath|SUM_8Bits:SUM|SUM_4Bits:SUM02|SUM_2Bits:SUM01|SUM_1Bit:SUM02|S_out~2   ; out0             ;
; |maquinaVendas|datapathMV:Datapath|SUM_8Bits:SUM|SUM_4Bits:SUM02|SUM_2Bits:SUM01|SUM_1Bit:SUM02|S_out~3   ; |maquinaVendas|datapathMV:Datapath|SUM_8Bits:SUM|SUM_4Bits:SUM02|SUM_2Bits:SUM01|SUM_1Bit:SUM02|S_out~3   ; out0             ;
; |maquinaVendas|datapathMV:Datapath|SUM_8Bits:SUM|SUM_4Bits:SUM02|SUM_2Bits:SUM01|SUM_1Bit:SUM02|S_out~4   ; |maquinaVendas|datapathMV:Datapath|SUM_8Bits:SUM|SUM_4Bits:SUM02|SUM_2Bits:SUM01|SUM_1Bit:SUM02|S_out~4   ; out0             ;
; |maquinaVendas|datapathMV:Datapath|SUM_8Bits:SUM|SUM_4Bits:SUM02|SUM_2Bits:SUM01|SUM_1Bit:SUM02|S_out~5   ; |maquinaVendas|datapathMV:Datapath|SUM_8Bits:SUM|SUM_4Bits:SUM02|SUM_2Bits:SUM01|SUM_1Bit:SUM02|S_out~5   ; out0             ;
; |maquinaVendas|datapathMV:Datapath|SUM_8Bits:SUM|SUM_4Bits:SUM02|SUM_2Bits:SUM01|SUM_1Bit:SUM02|S_out~6   ; |maquinaVendas|datapathMV:Datapath|SUM_8Bits:SUM|SUM_4Bits:SUM02|SUM_2Bits:SUM01|SUM_1Bit:SUM02|S_out~6   ; out0             ;
; |maquinaVendas|datapathMV:Datapath|SUM_8Bits:SUM|SUM_4Bits:SUM02|SUM_2Bits:SUM01|SUM_1Bit:SUM02|S_out~7   ; |maquinaVendas|datapathMV:Datapath|SUM_8Bits:SUM|SUM_4Bits:SUM02|SUM_2Bits:SUM01|SUM_1Bit:SUM02|S_out~7   ; out0             ;
; |maquinaVendas|datapathMV:Datapath|SUM_8Bits:SUM|SUM_4Bits:SUM02|SUM_2Bits:SUM01|SUM_1Bit:SUM02|S_out     ; |maquinaVendas|datapathMV:Datapath|SUM_8Bits:SUM|SUM_4Bits:SUM02|SUM_2Bits:SUM01|SUM_1Bit:SUM02|S_out     ; out0             ;
; |maquinaVendas|datapathMV:Datapath|SUM_8Bits:SUM|SUM_4Bits:SUM02|SUM_2Bits:SUM01|SUM_1Bit:SUM02|C_out~0   ; |maquinaVendas|datapathMV:Datapath|SUM_8Bits:SUM|SUM_4Bits:SUM02|SUM_2Bits:SUM01|SUM_1Bit:SUM02|C_out~0   ; out0             ;
; |maquinaVendas|datapathMV:Datapath|SUM_8Bits:SUM|SUM_4Bits:SUM02|SUM_2Bits:SUM01|SUM_1Bit:SUM02|C_out~1   ; |maquinaVendas|datapathMV:Datapath|SUM_8Bits:SUM|SUM_4Bits:SUM02|SUM_2Bits:SUM01|SUM_1Bit:SUM02|C_out~1   ; out0             ;
; |maquinaVendas|datapathMV:Datapath|SUM_8Bits:SUM|SUM_4Bits:SUM02|SUM_2Bits:SUM01|SUM_1Bit:SUM02|C_out~2   ; |maquinaVendas|datapathMV:Datapath|SUM_8Bits:SUM|SUM_4Bits:SUM02|SUM_2Bits:SUM01|SUM_1Bit:SUM02|C_out~2   ; out0             ;
; |maquinaVendas|datapathMV:Datapath|SUM_8Bits:SUM|SUM_4Bits:SUM02|SUM_2Bits:SUM01|SUM_1Bit:SUM02|C_out     ; |maquinaVendas|datapathMV:Datapath|SUM_8Bits:SUM|SUM_4Bits:SUM02|SUM_2Bits:SUM01|SUM_1Bit:SUM02|C_out     ; out0             ;
; |maquinaVendas|datapathMV:Datapath|SUM_8Bits:SUM|SUM_4Bits:SUM02|SUM_2Bits:SUM01|SUM_1Bit:SUM01|S_out~1   ; |maquinaVendas|datapathMV:Datapath|SUM_8Bits:SUM|SUM_4Bits:SUM02|SUM_2Bits:SUM01|SUM_1Bit:SUM01|S_out~1   ; out0             ;
; |maquinaVendas|datapathMV:Datapath|SUM_8Bits:SUM|SUM_4Bits:SUM02|SUM_2Bits:SUM01|SUM_1Bit:SUM01|S_out~3   ; |maquinaVendas|datapathMV:Datapath|SUM_8Bits:SUM|SUM_4Bits:SUM02|SUM_2Bits:SUM01|SUM_1Bit:SUM01|S_out~3   ; out0             ;
; |maquinaVendas|datapathMV:Datapath|SUM_8Bits:SUM|SUM_4Bits:SUM02|SUM_2Bits:SUM01|SUM_1Bit:SUM01|S_out~4   ; |maquinaVendas|datapathMV:Datapath|SUM_8Bits:SUM|SUM_4Bits:SUM02|SUM_2Bits:SUM01|SUM_1Bit:SUM01|S_out~4   ; out0             ;
; |maquinaVendas|datapathMV:Datapath|SUM_8Bits:SUM|SUM_4Bits:SUM02|SUM_2Bits:SUM01|SUM_1Bit:SUM01|C_out~0   ; |maquinaVendas|datapathMV:Datapath|SUM_8Bits:SUM|SUM_4Bits:SUM02|SUM_2Bits:SUM01|SUM_1Bit:SUM01|C_out~0   ; out0             ;
; |maquinaVendas|datapathMV:Datapath|SUM_8Bits:SUM|SUM_4Bits:SUM02|SUM_2Bits:SUM01|SUM_1Bit:SUM01|C_out~1   ; |maquinaVendas|datapathMV:Datapath|SUM_8Bits:SUM|SUM_4Bits:SUM02|SUM_2Bits:SUM01|SUM_1Bit:SUM01|C_out~1   ; out0             ;
; |maquinaVendas|datapathMV:Datapath|SUM_8Bits:SUM|SUM_4Bits:SUM02|SUM_2Bits:SUM01|SUM_1Bit:SUM01|C_out~2   ; |maquinaVendas|datapathMV:Datapath|SUM_8Bits:SUM|SUM_4Bits:SUM02|SUM_2Bits:SUM01|SUM_1Bit:SUM01|C_out~2   ; out0             ;
; |maquinaVendas|datapathMV:Datapath|SUM_8Bits:SUM|SUM_4Bits:SUM02|SUM_2Bits:SUM01|SUM_1Bit:SUM01|C_out     ; |maquinaVendas|datapathMV:Datapath|SUM_8Bits:SUM|SUM_4Bits:SUM02|SUM_2Bits:SUM01|SUM_1Bit:SUM01|C_out     ; out0             ;
; |maquinaVendas|datapathMV:Datapath|SUM_8Bits:SUM|SUM_4Bits:SUM01|SUM_2Bits:SUM02|SUM_1Bit:SUM02|S_out~3   ; |maquinaVendas|datapathMV:Datapath|SUM_8Bits:SUM|SUM_4Bits:SUM01|SUM_2Bits:SUM02|SUM_1Bit:SUM02|S_out~3   ; out0             ;
; |maquinaVendas|datapathMV:Datapath|SUM_8Bits:SUM|SUM_4Bits:SUM01|SUM_2Bits:SUM02|SUM_1Bit:SUM02|C_out~2   ; |maquinaVendas|datapathMV:Datapath|SUM_8Bits:SUM|SUM_4Bits:SUM01|SUM_2Bits:SUM02|SUM_1Bit:SUM02|C_out~2   ; out0             ;
; |maquinaVendas|datapathMV:Datapath|SUM_8Bits:SUM|SUM_4Bits:SUM01|SUM_2Bits:SUM02|SUM_1Bit:SUM01|S_out~3   ; |maquinaVendas|datapathMV:Datapath|SUM_8Bits:SUM|SUM_4Bits:SUM01|SUM_2Bits:SUM02|SUM_1Bit:SUM01|S_out~3   ; out0             ;
; |maquinaVendas|datapathMV:Datapath|SUM_8Bits:SUM|SUM_4Bits:SUM01|SUM_2Bits:SUM02|SUM_1Bit:SUM01|C_out~2   ; |maquinaVendas|datapathMV:Datapath|SUM_8Bits:SUM|SUM_4Bits:SUM01|SUM_2Bits:SUM02|SUM_1Bit:SUM01|C_out~2   ; out0             ;
; |maquinaVendas|datapathMV:Datapath|SUM_8Bits:SUM|SUM_4Bits:SUM01|SUM_2Bits:SUM01|SUM_1Bit:SUM02|S_out~1   ; |maquinaVendas|datapathMV:Datapath|SUM_8Bits:SUM|SUM_4Bits:SUM01|SUM_2Bits:SUM01|SUM_1Bit:SUM02|S_out~1   ; out0             ;
; |maquinaVendas|datapathMV:Datapath|SUM_8Bits:SUM|SUM_4Bits:SUM01|SUM_2Bits:SUM01|SUM_1Bit:SUM02|S_out~5   ; |maquinaVendas|datapathMV:Datapath|SUM_8Bits:SUM|SUM_4Bits:SUM01|SUM_2Bits:SUM01|SUM_1Bit:SUM02|S_out~5   ; out0             ;
; |maquinaVendas|datapathMV:Datapath|SUM_8Bits:SUM|SUM_4Bits:SUM01|SUM_2Bits:SUM01|SUM_1Bit:SUM02|S_out~7   ; |maquinaVendas|datapathMV:Datapath|SUM_8Bits:SUM|SUM_4Bits:SUM01|SUM_2Bits:SUM01|SUM_1Bit:SUM02|S_out~7   ; out0             ;
; |maquinaVendas|datapathMV:Datapath|SUM_8Bits:SUM|SUM_4Bits:SUM01|SUM_2Bits:SUM01|SUM_1Bit:SUM02|C_out~0   ; |maquinaVendas|datapathMV:Datapath|SUM_8Bits:SUM|SUM_4Bits:SUM01|SUM_2Bits:SUM01|SUM_1Bit:SUM02|C_out~0   ; out0             ;
; |maquinaVendas|datapathMV:Datapath|SUM_8Bits:SUM|SUM_4Bits:SUM01|SUM_2Bits:SUM01|SUM_1Bit:SUM02|C_out~1   ; |maquinaVendas|datapathMV:Datapath|SUM_8Bits:SUM|SUM_4Bits:SUM01|SUM_2Bits:SUM01|SUM_1Bit:SUM02|C_out~1   ; out0             ;
; |maquinaVendas|datapathMV:Datapath|SUM_8Bits:SUM|SUM_4Bits:SUM01|SUM_2Bits:SUM01|SUM_1Bit:SUM01|S_out~3   ; |maquinaVendas|datapathMV:Datapath|SUM_8Bits:SUM|SUM_4Bits:SUM01|SUM_2Bits:SUM01|SUM_1Bit:SUM01|S_out~3   ; out0             ;
; |maquinaVendas|datapathMV:Datapath|SUM_8Bits:SUM|SUM_4Bits:SUM01|SUM_2Bits:SUM01|SUM_1Bit:SUM01|S_out~7   ; |maquinaVendas|datapathMV:Datapath|SUM_8Bits:SUM|SUM_4Bits:SUM01|SUM_2Bits:SUM01|SUM_1Bit:SUM01|S_out~7   ; out0             ;
; |maquinaVendas|datapathMV:Datapath|SUM_8Bits:SUM|SUM_4Bits:SUM01|SUM_2Bits:SUM01|SUM_1Bit:SUM01|S_out     ; |maquinaVendas|datapathMV:Datapath|SUM_8Bits:SUM|SUM_4Bits:SUM01|SUM_2Bits:SUM01|SUM_1Bit:SUM01|S_out     ; out0             ;
; |maquinaVendas|datapathMV:Datapath|SUM_8Bits:SUM|SUM_4Bits:SUM01|SUM_2Bits:SUM01|SUM_1Bit:SUM01|C_out~2   ; |maquinaVendas|datapathMV:Datapath|SUM_8Bits:SUM|SUM_4Bits:SUM01|SUM_2Bits:SUM01|SUM_1Bit:SUM01|C_out~2   ; out0             ;
; |maquinaVendas|datapathMV:Datapath|reg8Bits:Reg|qs[7]                                                     ; |maquinaVendas|datapathMV:Datapath|reg8Bits:Reg|qs[7]                                                     ; regout           ;
; |maquinaVendas|datapathMV:Datapath|reg8Bits:Reg|qs[6]                                                     ; |maquinaVendas|datapathMV:Datapath|reg8Bits:Reg|qs[6]                                                     ; regout           ;
; |maquinaVendas|datapathMV:Datapath|reg8Bits:Reg|qs[5]                                                     ; |maquinaVendas|datapathMV:Datapath|reg8Bits:Reg|qs[5]                                                     ; regout           ;
; |maquinaVendas|datapathMV:Datapath|reg8Bits:Reg|qs[4]                                                     ; |maquinaVendas|datapathMV:Datapath|reg8Bits:Reg|qs[4]                                                     ; regout           ;
; |maquinaVendas|datapathMV:Datapath|reg8Bits:Reg|qs[0]                                                     ; |maquinaVendas|datapathMV:Datapath|reg8Bits:Reg|qs[0]                                                     ; regout           ;
+-----------------------------------------------------------------------------------------------------------+-----------------------------------------------------------------------------------------------------------+------------------+


+---------------------+
; Simulator INI Usage ;
+--------+------------+
; Option ; Usage      ;
+--------+------------+


+--------------------+
; Simulator Messages ;
+--------------------+
Info: *******************************************************************
Info: Running Quartus II 64-Bit Simulator
    Info: Version 13.0.0 Build 156 04/24/2013 SJ Web Edition
    Info: Processing started: Fri Mar 06 17:21:26 2020
Info: Command: quartus_sim --simulation_results_format=VWF maquinaVendas -c maquinaVendas
Info (324025): Using vector source file "C:/Users/Aty/Documents/UFRN/Sistemas Digitais/Maquina de Vendas/maquinaVendas.vwf"
Info (310003): Option to preserve fewer signal transitions to reduce memory requirements is enabled
    Info (310004): Simulation has been partitioned into sub-simulations according to the maximum transition count determined by the engine. Transitions from memory will be flushed out to disk at the end of each sub-simulation to reduce memory requirements.
Warning (324036): Found clock-sensitive change during active clock edge at time 820.0 ns on register "|maquinaVendas|datapathMV:Datapath|reg8Bits:Reg|qs[2]"
Warning (324036): Found clock-sensitive change during active clock edge at time 820.0 ns on register "|maquinaVendas|datapathMV:Datapath|reg8Bits:Reg|qs[1]"
Info (310002): Simulation partitioned into 1 sub-simulations
Info (328053): Simulation coverage is      44.81 %
Info (328052): Number of transitions in simulation is 547
Info (324045): Vector file maquinaVendas.sim.vwf is saved in VWF text format. You can compress it into CVWF format in order to reduce file size. For more details please refer to the Quartus II Help.
Info: Quartus II 64-Bit Simulator was successful. 0 errors, 2 warnings
    Info: Peak virtual memory: 4448 megabytes
    Info: Processing ended: Fri Mar 06 17:21:27 2020
    Info: Elapsed time: 00:00:01
    Info: Total CPU time (on all processors): 00:00:01


